Archive member included to satisfy reference by file (symbol)

C:/ST/STM32CubeIDE_1.16.0/STM32CubeIDE/plugins/com.st.stm32cube.ide.mcu.externaltools.gnu-tools-for-stm32.12.3.rel1.win32_1.0.200.202406191623/tools/bin/../lib/gcc/arm-none-eabi/12.3.1/../../../../arm-none-eabi/lib/thumb/v7e-m+fp/hard\libc_nano.a(libc_a-exit.o)
                              C:/ST/STM32CubeIDE_1.16.0/STM32CubeIDE/plugins/com.st.stm32cube.ide.mcu.externaltools.gnu-tools-for-stm32.12.3.rel1.win32_1.0.200.202406191623/tools/bin/../lib/gcc/arm-none-eabi/12.3.1/../../../../arm-none-eabi/lib/thumb/v7e-m+fp/hard/crt0.o (exit)
C:/ST/STM32CubeIDE_1.16.0/STM32CubeIDE/plugins/com.st.stm32cube.ide.mcu.externaltools.gnu-tools-for-stm32.12.3.rel1.win32_1.0.200.202406191623/tools/bin/../lib/gcc/arm-none-eabi/12.3.1/../../../../arm-none-eabi/lib/thumb/v7e-m+fp/hard\libc_nano.a(libc_a-findfp.o)
                              C:/ST/STM32CubeIDE_1.16.0/STM32CubeIDE/plugins/com.st.stm32cube.ide.mcu.externaltools.gnu-tools-for-stm32.12.3.rel1.win32_1.0.200.202406191623/tools/bin/../lib/gcc/arm-none-eabi/12.3.1/../../../../arm-none-eabi/lib/thumb/v7e-m+fp/hard\libc_nano.a(libc_a-exit.o) (__stdio_exit_handler)
C:/ST/STM32CubeIDE_1.16.0/STM32CubeIDE/plugins/com.st.stm32cube.ide.mcu.externaltools.gnu-tools-for-stm32.12.3.rel1.win32_1.0.200.202406191623/tools/bin/../lib/gcc/arm-none-eabi/12.3.1/../../../../arm-none-eabi/lib/thumb/v7e-m+fp/hard\libc_nano.a(libc_a-fwalk.o)
                              C:/ST/STM32CubeIDE_1.16.0/STM32CubeIDE/plugins/com.st.stm32cube.ide.mcu.externaltools.gnu-tools-for-stm32.12.3.rel1.win32_1.0.200.202406191623/tools/bin/../lib/gcc/arm-none-eabi/12.3.1/../../../../arm-none-eabi/lib/thumb/v7e-m+fp/hard\libc_nano.a(libc_a-findfp.o) (_fwalk_sglue)
C:/ST/STM32CubeIDE_1.16.0/STM32CubeIDE/plugins/com.st.stm32cube.ide.mcu.externaltools.gnu-tools-for-stm32.12.3.rel1.win32_1.0.200.202406191623/tools/bin/../lib/gcc/arm-none-eabi/12.3.1/../../../../arm-none-eabi/lib/thumb/v7e-m+fp/hard\libc_nano.a(libc_a-stdio.o)
                              C:/ST/STM32CubeIDE_1.16.0/STM32CubeIDE/plugins/com.st.stm32cube.ide.mcu.externaltools.gnu-tools-for-stm32.12.3.rel1.win32_1.0.200.202406191623/tools/bin/../lib/gcc/arm-none-eabi/12.3.1/../../../../arm-none-eabi/lib/thumb/v7e-m+fp/hard\libc_nano.a(libc_a-findfp.o) (__sread)
C:/ST/STM32CubeIDE_1.16.0/STM32CubeIDE/plugins/com.st.stm32cube.ide.mcu.externaltools.gnu-tools-for-stm32.12.3.rel1.win32_1.0.200.202406191623/tools/bin/../lib/gcc/arm-none-eabi/12.3.1/../../../../arm-none-eabi/lib/thumb/v7e-m+fp/hard\libc_nano.a(libc_a-memset.o)
                              C:/ST/STM32CubeIDE_1.16.0/STM32CubeIDE/plugins/com.st.stm32cube.ide.mcu.externaltools.gnu-tools-for-stm32.12.3.rel1.win32_1.0.200.202406191623/tools/bin/../lib/gcc/arm-none-eabi/12.3.1/../../../../arm-none-eabi/lib/thumb/v7e-m+fp/hard/crt0.o (memset)
C:/ST/STM32CubeIDE_1.16.0/STM32CubeIDE/plugins/com.st.stm32cube.ide.mcu.externaltools.gnu-tools-for-stm32.12.3.rel1.win32_1.0.200.202406191623/tools/bin/../lib/gcc/arm-none-eabi/12.3.1/../../../../arm-none-eabi/lib/thumb/v7e-m+fp/hard\libc_nano.a(libc_a-closer.o)
                              C:/ST/STM32CubeIDE_1.16.0/STM32CubeIDE/plugins/com.st.stm32cube.ide.mcu.externaltools.gnu-tools-for-stm32.12.3.rel1.win32_1.0.200.202406191623/tools/bin/../lib/gcc/arm-none-eabi/12.3.1/../../../../arm-none-eabi/lib/thumb/v7e-m+fp/hard\libc_nano.a(libc_a-stdio.o) (_close_r)
C:/ST/STM32CubeIDE_1.16.0/STM32CubeIDE/plugins/com.st.stm32cube.ide.mcu.externaltools.gnu-tools-for-stm32.12.3.rel1.win32_1.0.200.202406191623/tools/bin/../lib/gcc/arm-none-eabi/12.3.1/../../../../arm-none-eabi/lib/thumb/v7e-m+fp/hard\libc_nano.a(libc_a-reent.o)
                              C:/ST/STM32CubeIDE_1.16.0/STM32CubeIDE/plugins/com.st.stm32cube.ide.mcu.externaltools.gnu-tools-for-stm32.12.3.rel1.win32_1.0.200.202406191623/tools/bin/../lib/gcc/arm-none-eabi/12.3.1/../../../../arm-none-eabi/lib/thumb/v7e-m+fp/hard\libc_nano.a(libc_a-closer.o) (errno)
C:/ST/STM32CubeIDE_1.16.0/STM32CubeIDE/plugins/com.st.stm32cube.ide.mcu.externaltools.gnu-tools-for-stm32.12.3.rel1.win32_1.0.200.202406191623/tools/bin/../lib/gcc/arm-none-eabi/12.3.1/../../../../arm-none-eabi/lib/thumb/v7e-m+fp/hard\libc_nano.a(libc_a-impure.o)
                              C:/ST/STM32CubeIDE_1.16.0/STM32CubeIDE/plugins/com.st.stm32cube.ide.mcu.externaltools.gnu-tools-for-stm32.12.3.rel1.win32_1.0.200.202406191623/tools/bin/../lib/gcc/arm-none-eabi/12.3.1/../../../../arm-none-eabi/lib/thumb/v7e-m+fp/hard\libc_nano.a(libc_a-reent.o) (_impure_ptr)
C:/ST/STM32CubeIDE_1.16.0/STM32CubeIDE/plugins/com.st.stm32cube.ide.mcu.externaltools.gnu-tools-for-stm32.12.3.rel1.win32_1.0.200.202406191623/tools/bin/../lib/gcc/arm-none-eabi/12.3.1/../../../../arm-none-eabi/lib/thumb/v7e-m+fp/hard\libc_nano.a(libc_a-lseekr.o)
[...]
Memory Configuration

Name             Origin             Length             Attributes
FLASH            0x08000000         0x00080000         xr
RAM              0x20000008         0x0002fff8         xrw
RAM_SHARED       0x20030000         0x00002800         xrw
*default*        0x00000000         0xffffffff

Linker script and memory map

LOAD C:/ST/STM32CubeIDE_1.16.0/STM32CubeIDE/plugins/com.st.stm32cube.ide.mcu.externaltools.gnu-tools-for-stm32.12.3.rel1.win32_1.0.200.202406191623/tools/bin/../lib/gcc/arm-none-eabi/12.3.1/thumb/v7e-m+fp/hard/crti.o
LOAD C:/ST/STM32CubeIDE_1.16.0/STM32CubeIDE/plugins/com.st.stm32cube.ide.mcu.externaltools.gnu-tools-for-stm32.12.3.rel1.win32_1.0.200.202406191623/tools/bin/../lib/gcc/arm-none-eabi/12.3.1/thumb/v7e-m+fp/hard/crtbegin.o
LOAD C:/ST/STM32CubeIDE_1.16.0/STM32CubeIDE/plugins/com.st.stm32cube.ide.mcu.externaltools.gnu-tools-for-stm32.12.3.rel1.win32_1.0.200.202406191623/tools/bin/../lib/gcc/arm-none-eabi/12.3.1/../../../../arm-none-eabi/lib/thumb/v7e-m+fp/hard/crt0.o
LOAD ./Core/Src/CANSPI.o
LOAD ./Core/Src/LTC2497.o
LOAD ./Core/Src/MCP2515.o
LOAD ./Core/Src/gpio.o
LOAD ./Core/Src/main.o
LOAD ./Core/Src/spi.o
LOAD ./Core/Src/stm32wbxx_hal_msp.o
LOAD ./Core/Src/stm32wbxx_it.o
LOAD ./Core/Src/syscalls.o
LOAD ./Core/Src/sysmem.o
LOAD ./Core/Src/system_stm32wbxx.o
LOAD ./Core/Startup/startup_stm32wb55rgvx.o
LOAD ./Drivers/STM32WBxx_HAL_Driver/Src/stm32wbxx_hal.o
LOAD ./Drivers/STM32WBxx_HAL_Driver/Src/stm32wbxx_hal_adc.o
LOAD ./Drivers/STM32WBxx_HAL_Driver/Src/stm32wbxx_hal_adc_ex.o
LOAD ./Drivers/STM32WBxx_HAL_Driver/Src/stm32wbxx_hal_cortex.o
LOAD ./Drivers/STM32WBxx_HAL_Driver/Src/stm32wbxx_hal_dma.o
LOAD ./Drivers/STM32WBxx_HAL_Driver/Src/stm32wbxx_hal_dma_ex.o
LOAD ./Drivers/STM32WBxx_HAL_Driver/Src/stm32wbxx_hal_exti.o
LOAD ./Drivers/STM32WBxx_HAL_Driver/Src/stm32wbxx_hal_flash.o
LOAD ./Drivers/STM32WBxx_HAL_Driver/Src/stm32wbxx_hal_flash_ex.o
LOAD ./Drivers/STM32WBxx_HAL_Driver/Src/stm32wbxx_hal_gpio.o
LOAD ./Drivers/STM32WBxx_HAL_Driver/Src/stm32wbxx_hal_hsem.o
LOAD ./Drivers/STM32WBxx_HAL_Driver/Src/stm32wbxx_hal_i2c.o
LOAD ./Drivers/STM32WBxx_HAL_Driver/Src/stm32wbxx_hal_i2c_ex.o
LOAD ./Drivers/STM32WBxx_HAL_Driver/Src/stm32wbxx_hal_ipcc.o
LOAD ./Drivers/STM32WBxx_HAL_Driver/Src/stm32wbxx_hal_pwr.o
LOAD ./Drivers/STM32WBxx_HAL_Driver/Src/stm32wbxx_hal_pwr_ex.o
LOAD ./Drivers/STM32WBxx_HAL_Driver/Src/stm32wbxx_hal_rcc.o
LOAD ./Drivers/STM32WBxx_HAL_Driver/Src/stm32wbxx_hal_rcc_ex.o
LOAD ./Drivers/STM32WBxx_HAL_Driver/Src/stm32wbxx_hal_spi.o
LOAD ./Drivers/STM32WBxx_HAL_Driver/Src/stm32wbxx_hal_spi_ex.o
LOAD ./Drivers/STM32WBxx_HAL_Driver/Src/stm32wbxx_hal_tim.o
LOAD ./Drivers/STM32WBxx_HAL_Driver/Src/stm32wbxx_hal_tim_ex.o
LOAD ./Drivers/STM32WBxx_HAL_Driver/Src/stm32wbxx_ll_adc.o
LOAD ./Drivers/STM32WBxx_HAL_Driver/Src/stm32wbxx_ll_rcc.o
START GROUP
LOAD C:/ST/STM32CubeIDE_1.16.0/STM32CubeIDE/plugins/com.st.stm32cube.ide.mcu.externaltools.gnu-tools-for-stm32.12.3.rel1.win32_1.0.200.202406191623/tools/bin/../lib/gcc/arm-none-eabi/12.3.1/../../../../arm-none-eabi/lib/thumb/v7e-m+fp/hard\libc_nano.a
LOAD C:/ST/STM32CubeIDE_1.16.0/STM32CubeIDE/plugins/com.st.stm32cube.ide.mcu.externaltools.gnu-tools-for-stm32.12.3.rel1.win32_1.0.200.202406191623/tools/bin/../lib/gcc/arm-none-eabi/12.3.1/../../../../arm-none-eabi/lib/thumb/v7e-m+fp/hard\libm.a
END GROUP
START GROUP
LOAD C:/ST/STM32CubeIDE_1.16.0/STM32CubeIDE/plugins/com.st.stm32cube.ide.mcu.externaltools.gnu-tools-for-stm32.12.3.rel1.win32_1.0.200.202406191623/tools/bin/../lib/gcc/arm-none-eabi/12.3.1/thumb/v7e-m+fp/hard\libgcc.a
LOAD C:/ST/STM32CubeIDE_1.16.0/STM32CubeIDE/plugins/com.st.stm32cube.ide.mcu.externaltools.gnu-tools-for-stm32.12.3.rel1.win32_1.0.200.202406191623/tools/bin/../lib/gcc/arm-none-eabi/12.3.1/../../../../arm-none-eabi/lib/thumb/v7e-m+fp/hard\libc_nano.a
END GROUP
START GROUP
LOAD C:/ST/STM32CubeIDE_1.16.0/STM32CubeIDE/plugins/com.st.stm32cube.ide.mcu.externaltools.gnu-tools-for-stm32.12.3.rel1.win32_1.0.200.202406191623/tools/bin/../lib/gcc/arm-none-eabi/12.3.1/thumb/v7e-m+fp/hard\libgcc.a
LOAD C:/ST/STM32CubeIDE_1.16.0/STM32CubeIDE/plugins/com.st.stm32cube.ide.mcu.externaltools.gnu-tools-for-stm32.12.3.rel1.win32_1.0.200.202406191623/tools/bin/../lib/gcc/arm-none-eabi/12.3.1/../../../../arm-none-eabi/lib/thumb/v7e-m+fp/hard\libc_nano.a
LOAD C:/ST/STM32CubeIDE_1.16.0/STM32CubeIDE/plugins/com.st.stm32cube.ide.mcu.externaltools.gnu-tools-for-stm32.12.3.rel1.win32_1.0.200.202406191623/tools/bin/../lib/gcc/arm-none-eabi/12.3.1/../../../../arm-none-eabi/lib/thumb/v7e-m+fp/hard\libnosys.a
END GROUP
START GROUP
LOAD C:/ST/STM32CubeIDE_1.16.0/STM32CubeIDE/plugins/com.st.stm32cube.ide.mcu.externaltools.gnu-tools-for-stm32.12.3.rel1.win32_1.0.200.202406191623/tools/bin/../lib/gcc/arm-none-eabi/12.3.1/thumb/v7e-m+fp/hard\libgcc.a
LOAD C:/ST/STM32CubeIDE_1.16.0/STM32CubeIDE/plugins/com.st.stm32cube.ide.mcu.externaltools.gnu-tools-for-stm32.12.3.rel1.win32_1.0.200.202406191623/tools/bin/../lib/gcc/arm-none-eabi/12.3.1/../../../../arm-none-eabi/lib/thumb/v7e-m+fp/hard\libc_nano.a
LOAD C:/ST/STM32CubeIDE_1.16.0/STM32CubeIDE/plugins/com.st.stm32cube.ide.mcu.externaltools.gnu-tools-for-stm32.12.3.rel1.win32_1.0.200.202406191623/tools/bin/../lib/gcc/arm-none-eabi/12.3.1/../../../../arm-none-eabi/lib/thumb/v7e-m+fp/hard\libnosys.a
END GROUP
LOAD C:/ST/STM32CubeIDE_1.16.0/STM32CubeIDE/plugins/com.st.stm32cube.ide.mcu.externaltools.gnu-tools-for-stm32.12.3.rel1.win32_1.0.200.202406191623/tools/bin/../lib/gcc/arm-none-eabi/12.3.1/thumb/v7e-m+fp/hard/crtend.o
LOAD C:/ST/STM32CubeIDE_1.16.0/STM32CubeIDE/plugins/com.st.stm32cube.ide.mcu.externaltools.gnu-tools-for-stm32.12.3.rel1.win32_1.0.200.202406191623/tools/bin/../lib/gcc/arm-none-eabi/12.3.1/thumb/v7e-m+fp/hard/crtn.o
                0x20030000                        _estack = (ORIGIN (RAM) + LENGTH (RAM))
                0x00000200                        _Min_Heap_Size = 0x200
                0x00000400                        _Min_Stack_Size = 0x400

.isr_vector     0x08000000      0x13c
                0x08000000                        . = ALIGN (0x4)
 *(.isr_vector)
 .isr_vector    0x08000000      0x13c ./Core/Startup/startup_stm32wb55rgvx.o
                0x08000000                g_pfnVectors
                0x0800013c                        . = ALIGN (0x4)

.text           0x0800013c     0x60bc
                0x0800013c                        . = ALIGN (0x4)
 *(.text)
 .text          0x0800013c       0x40 C:/ST/STM32CubeIDE_1.16.0/STM32CubeIDE/plugins/com.st.stm32cube.ide.mcu.externaltools.gnu-tools-for-stm32.12.3.rel1.win32_1.0.200.202406191623/tools/bin/../lib/gcc/arm-none-eabi/12.3.1/thumb/v7e-m+fp/hard/crtbegin.o
 *(.text*)
 .text.CANSPI_Initialize
                0x0800017c      0x160 ./Core/Src/CANSPI.o
                0x0800017c                CANSPI_Initialize
 .text.CANSPI_Transmit
                0x080002dc       0xf0 ./Core/Src/CANSPI.o
                0x080002dc                CANSPI_Transmit
 .text.CANSPI_Receive
                0x080003cc       0xf8 ./Core/Src/CANSPI.o
                0x080003cc                CANSPI_Receive
 .text.convertReg2ExtendedCANid
                0x080004c4       0x7c ./Core/Src/CANSPI.o
 .text.convertReg2StandardCANid
                0x08000540       0x3a ./Core/Src/CANSPI.o
 .text.convertCANid2Reg
                0x0800057a       0xaa ./Core/Src/CANSPI.o
 .text.LTC2497_Read
                0x08000624      0x120 ./Core/Src/LTC2497.o
                0x08000624                LTC2497_Read
 .text.LTC2497_CodeToVoltage
                0x08000744       0x3c ./Core/Src/LTC2497.o
                0x08000744                LTC2497_CodeToVoltage
 .text.MCP2515_Initialize
                0x08000780       0x44 ./Core/Src/MCP2515.o
                0x08000780                MCP2515_Initialize
 .text.MCP2515_SetConfigMode
                0x080007c4       0x3c ./Core/Src/MCP2515.o
                0x080007c4                MCP2515_SetConfigMode
 .text.MCP2515_SetNormalMode
                0x08000800       0x3c ./Core/Src/MCP2515.o
                0x08000800                MCP2515_SetNormalMode
 .text.MCP2515_ReadByte
                0x0800083c       0x46 ./Core/Src/MCP2515.o
                0x0800083c                MCP2515_ReadByte
 .text.MCP2515_ReadRxSequence
                0x08000882       0x46 ./Core/Src/MCP2515.o
                0x08000882                MCP2515_ReadRxSequence
 .text.MCP2515_WriteByte
                0x080008c8       0x4a ./Core/Src/MCP2515.o
                0x080008c8                MCP2515_WriteByte
 .text.MCP2515_WriteByteSequence
                0x08000912       0x56 ./Core/Src/MCP2515.o
                0x08000912                MCP2515_WriteByteSequence
 .text.MCP2515_LoadTxSequence
                0x08000968       0x58 ./Core/Src/MCP2515.o
                0x08000968                MCP2515_LoadTxSequence
 .text.MCP2515_RequestToSend
                0x080009c0       0x36 ./Core/Src/MCP2515.o
                0x080009c0                MCP2515_RequestToSend
 .text.MCP2515_ReadStatus
                0x080009f6       0x3a ./Core/Src/MCP2515.o
                0x080009f6                MCP2515_ReadStatus
 .text.MCP2515_GetRxStatus
                0x08000a30       0x3a ./Core/Src/MCP2515.o
                0x08000a30                MCP2515_GetRxStatus
 *fill*         0x08000a6a        0x2 
 .text.SPI_Tx   0x08000a6c       0x24 ./Core/Src/MCP2515.o
 .text.SPI_TxBuffer
                0x08000a90       0x28 ./Core/Src/MCP2515.o
 .text.SPI_Rx   0x08000ab8       0x20 ./Core/Src/MCP2515.o
 .text.SPI_RxBuffer
                0x08000ad8       0x28 ./Core/Src/MCP2515.o
 .text.LL_AHB2_GRP1_EnableClock
                0x08000b00       0x32 ./Core/Src/main.o
 *fill*         0x08000b32        0x2 
 .text.VoltageToTemperature
                0x08000b34      0x118 ./Core/Src/main.o
                0x08000b34                VoltageToTemperature
 .text.main     0x08000c4c      0x138 ./Core/Src/main.o
                0x08000c4c                main
 .text.SystemClock_Config
                0x08000d84       0xd4 ./Core/Src/main.o
                0x08000d84                SystemClock_Config
 .text.PeriphCommonClock_Config
                0x08000e58       0x3a ./Core/Src/main.o
                0x08000e58                PeriphCommonClock_Config
 *fill*         0x08000e92        0x2 
 .text.MX_ADC1_Init
                0x08000e94       0xcc ./Core/Src/main.o
 .text.MX_I2C1_Init
                0x08000f60       0x80 ./Core/Src/main.o
 .text.MX_IPCC_Init
                0x08000fe0       0x28 ./Core/Src/main.o
 .text.MX_SPI1_Init
                0x08001008       0x7c ./Core/Src/main.o
 .text.MX_GPIO_Init
                0x08001084       0xcc ./Core/Src/main.o
 .text.Send_Address_Claim_Broadcast
                0x08001150       0x48 ./Core/Src/main.o
                0x08001150                Send_Address_Claim_Broadcast
 .text.Send_Thermistor_Module_Broadcast
                0x08001198      0x120 ./Core/Src/main.o
                0x08001198                Send_Thermistor_Module_Broadcast
 .text.Send_Thermistor_General_Broadcast
                0x080012b8       0xec ./Core/Src/main.o
                0x080012b8                Send_Thermistor_General_Broadcast
 .text.Error_Handler
                0x080013a4        0xc ./Core/Src/main.o
                0x080013a4                Error_Handler
 .text.LL_AHB2_GRP1_EnableClock
                0x080013b0       0x32 ./Core/Src/stm32wbxx_hal_msp.o
 .text.LL_AHB3_GRP1_EnableClock
                0x080013e2       0x32 ./Core/Src/stm32wbxx_hal_msp.o
 .text.LL_APB1_GRP1_EnableClock
                0x08001414       0x32 ./Core/Src/stm32wbxx_hal_msp.o
 .text.LL_APB2_GRP1_EnableClock
                0x08001446       0x32 ./Core/Src/stm32wbxx_hal_msp.o
 .text.HAL_MspInit
                0x08001478        0xe ./Core/Src/stm32wbxx_hal_msp.o
                0x08001478                HAL_MspInit
 *fill*         0x08001486        0x2 
 .text.HAL_ADC_MspInit
                0x08001488       0xa4 ./Core/Src/stm32wbxx_hal_msp.o
                0x08001488                HAL_ADC_MspInit
 .text.HAL_I2C_MspInit
                0x0800152c       0x90 ./Core/Src/stm32wbxx_hal_msp.o
                0x0800152c                HAL_I2C_MspInit
 .text.HAL_IPCC_MspInit
                0x080015bc       0x28 ./Core/Src/stm32wbxx_hal_msp.o
                0x080015bc                HAL_IPCC_MspInit
 .text.HAL_SPI_MspInit
                0x080015e4       0x60 ./Core/Src/stm32wbxx_hal_msp.o
                0x080015e4                HAL_SPI_MspInit
 .text.NMI_Handler
                0x08001644        0x8 ./Core/Src/stm32wbxx_it.o
                0x08001644                NMI_Handler
 .text.HardFault_Handler
                0x0800164c        0x8 ./Core/Src/stm32wbxx_it.o
                0x0800164c                HardFault_Handler
 .text.MemManage_Handler
                0x08001654        0x8 ./Core/Src/stm32wbxx_it.o
                0x08001654                MemManage_Handler
 .text.BusFault_Handler
                0x0800165c        0x8 ./Core/Src/stm32wbxx_it.o
                0x0800165c                BusFault_Handler
 .text.UsageFault_Handler
                0x08001664        0x8 ./Core/Src/stm32wbxx_it.o
                0x08001664                UsageFault_Handler
 .text.SVC_Handler
                0x0800166c        0xe ./Core/Src/stm32wbxx_it.o
                0x0800166c                SVC_Handler
 .text.DebugMon_Handler
                0x0800167a        0xe ./Core/Src/stm32wbxx_it.o
                0x0800167a                DebugMon_Handler
 .text.PendSV_Handler
                0x08001688        0xe ./Core/Src/stm32wbxx_it.o
                0x08001688                PendSV_Handler
 .text.SysTick_Handler
                0x08001696        0xc ./Core/Src/stm32wbxx_it.o
                0x08001696                SysTick_Handler
 *fill*         0x080016a2        0x2 
 .text.SystemInit
                0x080016a4       0xa4 ./Core/Src/system_stm32wbxx.o
                0x080016a4                SystemInit
 .text.data_initializers
                0x08001748       0x18 ./Core/Startup/startup_stm32wb55rgvx.o
 .text.Reset_Handler
                0x08001760       0x58 ./Core/Startup/startup_stm32wb55rgvx.o
                0x08001760                Reset_Handler
 .text.Default_Handler
                0x080017b8        0x2 ./Core/Startup/startup_stm32wb55rgvx.o
                0x080017b8                RTC_Alarm_IRQHandler
                0x080017b8                EXTI2_IRQHandler
                0x080017b8                TIM1_CC_IRQHandler
                0x080017b8                TSC_IRQHandler
                0x080017b8                USB_HP_IRQHandler
                0x080017b8                EXTI3_IRQHandler
                0x080017b8                LPTIM2_IRQHandler
                0x080017b8                I2C3_ER_IRQHandler
                0x080017b8                EXTI0_IRQHandler
                0x080017b8                FPU_IRQHandler
                0x080017b8                TIM1_UP_TIM16_IRQHandler
                0x080017b8                AES1_IRQHandler
                0x080017b8                SPI1_IRQHandler
                0x080017b8                PWR_SOTF_BLEACT_802ACT_RFPHASE_IRQHandler
                0x080017b8                DMA2_Channel2_IRQHandler
                0x080017b8                DMA1_Channel4_IRQHandler
                0x080017b8                ADC1_IRQHandler
                0x080017b8                PKA_IRQHandler
                0x080017b8                DMA1_Channel7_IRQHandler
                0x080017b8                LCD_IRQHandler
                0x080017b8                IPCC_C1_TX_IRQHandler
                0x080017b8                DMA2_Channel1_IRQHandler
                0x080017b8                QUADSPI_IRQHandler
                0x080017b8                I2C1_EV_IRQHandler
                0x080017b8                DMAMUX1_OVR_IRQHandler
                0x080017b8                DMA1_Channel6_IRQHandler
                0x080017b8                DMA2_Channel4_IRQHandler
                0x080017b8                RCC_IRQHandler
                0x080017b8                DMA1_Channel1_IRQHandler
                0x080017b8                Default_Handler
                0x080017b8                DMA2_Channel7_IRQHandler
                0x080017b8                EXTI15_10_IRQHandler
                0x080017b8                IPCC_C1_RX_IRQHandler
                0x080017b8                C2SEV_PWR_C2H_IRQHandler
                0x080017b8                AES2_IRQHandler
                0x080017b8                I2C3_EV_IRQHandler
                0x080017b8                EXTI9_5_IRQHandler
                0x080017b8                RTC_WKUP_IRQHandler
                0x080017b8                PVD_PVM_IRQHandler
                0x080017b8                SPI2_IRQHandler
                0x080017b8                DMA2_Channel5_IRQHandler
                0x080017b8                CRS_IRQHandler
                0x080017b8                DMA1_Channel5_IRQHandler
                0x080017b8                USB_LP_IRQHandler
                0x080017b8                EXTI4_IRQHandler
                0x080017b8                RNG_IRQHandler
                0x080017b8                TIM1_TRG_COM_TIM17_IRQHandler
                0x080017b8                TAMP_STAMP_LSECSS_IRQHandler
                0x080017b8                DMA1_Channel3_IRQHandler
                0x080017b8                COMP_IRQHandler
                0x080017b8                HSEM_IRQHandler
                0x080017b8                WWDG_IRQHandler
                0x080017b8                LPUART1_IRQHandler
                0x080017b8                DMA2_Channel6_IRQHandler
                0x080017b8                TIM2_IRQHandler
                0x080017b8                TIM1_BRK_IRQHandler
                0x080017b8                EXTI1_IRQHandler
                0x080017b8                DMA1_Channel2_IRQHandler
                0x080017b8                FLASH_IRQHandler
                0x080017b8                USART1_IRQHandler
                0x080017b8                I2C1_ER_IRQHandler
                0x080017b8                LPTIM1_IRQHandler
                0x080017b8                SAI1_IRQHandler
                0x080017b8                DMA2_Channel3_IRQHandler
 *fill*         0x080017ba        0x2 
 .text.HAL_Init
                0x080017bc       0x40 ./Drivers/STM32WBxx_HAL_Driver/Src/stm32wbxx_hal.o
                0x080017bc                HAL_Init
 .text.HAL_InitTick
                0x080017fc       0x74 ./Drivers/STM32WBxx_HAL_Driver/Src/stm32wbxx_hal.o
                0x080017fc                HAL_InitTick
 .text.HAL_IncTick
                0x08001870       0x28 ./Drivers/STM32WBxx_HAL_Driver/Src/stm32wbxx_hal.o
                0x08001870                HAL_IncTick
 .text.HAL_GetTick
                0x08001898       0x18 ./Drivers/STM32WBxx_HAL_Driver/Src/stm32wbxx_hal.o
                0x08001898                HAL_GetTick
 .text.HAL_GetTickPrio
                0x080018b0       0x18 ./Drivers/STM32WBxx_HAL_Driver/Src/stm32wbxx_hal.o
                0x080018b0                HAL_GetTickPrio
 .text.HAL_Delay
                0x080018c8       0x48 ./Drivers/STM32WBxx_HAL_Driver/Src/stm32wbxx_hal.o
                0x080018c8                HAL_Delay
 .text.LL_ADC_SetCommonClock
                0x08001910       0x26 ./Drivers/STM32WBxx_HAL_Driver/Src/stm32wbxx_hal_adc.o
 .text.LL_ADC_SetCommonPathInternalCh
                0x08001936       0x26 ./Drivers/STM32WBxx_HAL_Driver/Src/stm32wbxx_hal_adc.o
 .text.LL_ADC_GetCommonPathInternalCh
                0x0800195c       0x1c ./Drivers/STM32WBxx_HAL_Driver/Src/stm32wbxx_hal_adc.o
 .text.LL_ADC_SetOffset
                0x08001978       0x48 ./Drivers/STM32WBxx_HAL_Driver/Src/stm32wbxx_hal_adc.o
 .text.LL_ADC_GetOffsetChannel
                0x080019c0       0x2c ./Drivers/STM32WBxx_HAL_Driver/Src/stm32wbxx_hal_adc.o
 .text.LL_ADC_SetOffsetState
                0x080019ec       0x36 ./Drivers/STM32WBxx_HAL_Driver/Src/stm32wbxx_hal_adc.o
 .text.LL_ADC_REG_SetSequencerRanks
                0x08001a22       0x58 ./Drivers/STM32WBxx_HAL_Driver/Src/stm32wbxx_hal_adc.o
 .text.LL_ADC_SetChannelSamplingTime
                0x08001a7a       0x56 ./Drivers/STM32WBxx_HAL_Driver/Src/stm32wbxx_hal_adc.o
 .text.LL_ADC_SetChannelSingleDiff
                0x08001ad0       0x48 ./Drivers/STM32WBxx_HAL_Driver/Src/stm32wbxx_hal_adc.o
 .text.LL_ADC_DisableDeepPowerDown
                0x08001b18       0x24 ./Drivers/STM32WBxx_HAL_Driver/Src/stm32wbxx_hal_adc.o
 .text.LL_ADC_IsDeepPowerDownEnabled
                0x08001b3c       0x28 ./Drivers/STM32WBxx_HAL_Driver/Src/stm32wbxx_hal_adc.o
 .text.LL_ADC_EnableInternalRegulator
                0x08001b64       0x28 ./Drivers/STM32WBxx_HAL_Driver/Src/stm32wbxx_hal_adc.o
 .text.LL_ADC_IsInternalRegulatorEnabled
                0x08001b8c       0x28 ./Drivers/STM32WBxx_HAL_Driver/Src/stm32wbxx_hal_adc.o
 .text.LL_ADC_IsEnabled
                0x08001bb4       0x26 ./Drivers/STM32WBxx_HAL_Driver/Src/stm32wbxx_hal_adc.o
 .text.LL_ADC_REG_IsConversionOngoing
                0x08001bda       0x26 ./Drivers/STM32WBxx_HAL_Driver/Src/stm32wbxx_hal_adc.o
 .text.LL_ADC_INJ_IsConversionOngoing
                0x08001c00       0x26 ./Drivers/STM32WBxx_HAL_Driver/Src/stm32wbxx_hal_adc.o
 *fill*         0x08001c26        0x2 
 .text.HAL_ADC_Init
                0x08001c28      0x298 ./Drivers/STM32WBxx_HAL_Driver/Src/stm32wbxx_hal_adc.o
                0x08001c28                HAL_ADC_Init
 .text.HAL_ADC_ConfigChannel
                0x08001ec0      0x78c ./Drivers/STM32WBxx_HAL_Driver/Src/stm32wbxx_hal_adc.o
                0x08001ec0                HAL_ADC_ConfigChannel
 .text.__NVIC_SetPriorityGrouping
                0x0800264c       0x48 ./Drivers/STM32WBxx_HAL_Driver/Src/stm32wbxx_hal_cortex.o
 .text.__NVIC_GetPriorityGrouping
                0x08002694       0x1c ./Drivers/STM32WBxx_HAL_Driver/Src/stm32wbxx_hal_cortex.o
 .text.__NVIC_SetPriority
                0x080026b0       0x54 ./Drivers/STM32WBxx_HAL_Driver/Src/stm32wbxx_hal_cortex.o
 .text.NVIC_EncodePriority
                0x08002704       0x66 ./Drivers/STM32WBxx_HAL_Driver/Src/stm32wbxx_hal_cortex.o
 *fill*         0x0800276a        0x2 
 .text.SysTick_Config
                0x0800276c       0x44 ./Drivers/STM32WBxx_HAL_Driver/Src/stm32wbxx_hal_cortex.o
 .text.HAL_NVIC_SetPriorityGrouping
                0x080027b0       0x16 ./Drivers/STM32WBxx_HAL_Driver/Src/stm32wbxx_hal_cortex.o
                0x080027b0                HAL_NVIC_SetPriorityGrouping
 .text.HAL_NVIC_SetPriority
                0x080027c6       0x34 ./Drivers/STM32WBxx_HAL_Driver/Src/stm32wbxx_hal_cortex.o
                0x080027c6                HAL_NVIC_SetPriority
 .text.HAL_SYSTICK_Config
                0x080027fa       0x18 ./Drivers/STM32WBxx_HAL_Driver/Src/stm32wbxx_hal_cortex.o
                0x080027fa                HAL_SYSTICK_Config
 *fill*         0x08002812        0x2 
 .text.HAL_GPIO_Init
                0x08002814      0x2e0 ./Drivers/STM32WBxx_HAL_Driver/Src/stm32wbxx_hal_gpio.o
                0x08002814                HAL_GPIO_Init
 .text.HAL_GPIO_WritePin
                0x08002af4       0x30 ./Drivers/STM32WBxx_HAL_Driver/Src/stm32wbxx_hal_gpio.o
                0x08002af4                HAL_GPIO_WritePin
 .text.HAL_I2C_Init
                0x08002b24      0x136 ./Drivers/STM32WBxx_HAL_Driver/Src/stm32wbxx_hal_i2c.o
                0x08002b24                HAL_I2C_Init
 *fill*         0x08002c5a        0x2 
 .text.HAL_I2C_Master_Transmit
                0x08002c5c      0x230 ./Drivers/STM32WBxx_HAL_Driver/Src/stm32wbxx_hal_i2c.o
                0x08002c5c                HAL_I2C_Master_Transmit
 .text.HAL_I2C_Master_Receive
                0x08002e8c      0x1ec ./Drivers/STM32WBxx_HAL_Driver/Src/stm32wbxx_hal_i2c.o
                0x08002e8c                HAL_I2C_Master_Receive
 .text.I2C_Flush_TXDR
                0x08003078       0x48 ./Drivers/STM32WBxx_HAL_Driver/Src/stm32wbxx_hal_i2c.o
 .text.I2C_WaitOnFlagUntilTimeout
                0x080030c0       0xb2 ./Drivers/STM32WBxx_HAL_Driver/Src/stm32wbxx_hal_i2c.o
 .text.I2C_WaitOnTXISFlagUntilTimeout
                0x08003172       0x8e ./Drivers/STM32WBxx_HAL_Driver/Src/stm32wbxx_hal_i2c.o
 .text.I2C_WaitOnSTOPFlagUntilTimeout
                0x08003200       0x86 ./Drivers/STM32WBxx_HAL_Driver/Src/stm32wbxx_hal_i2c.o
 *fill*         0x08003286        0x2 
 .text.I2C_WaitOnRXNEFlagUntilTimeout
                0x08003288      0x118 ./Drivers/STM32WBxx_HAL_Driver/Src/stm32wbxx_hal_i2c.o
 .text.I2C_IsErrorOccurred
                0x080033a0      0x1c0 ./Drivers/STM32WBxx_HAL_Driver/Src/stm32wbxx_hal_i2c.o
 .text.I2C_TransferConfig
                0x08003560       0x64 ./Drivers/STM32WBxx_HAL_Driver/Src/stm32wbxx_hal_i2c.o
 .text.HAL_I2CEx_ConfigAnalogFilter
                0x080035c4       0x96 ./Drivers/STM32WBxx_HAL_Driver/Src/stm32wbxx_hal_i2c_ex.o
                0x080035c4                HAL_I2CEx_ConfigAnalogFilter
 .text.HAL_I2CEx_ConfigDigitalFilter
                0x0800365a       0x98 ./Drivers/STM32WBxx_HAL_Driver/Src/stm32wbxx_hal_i2c_ex.o
                0x0800365a                HAL_I2CEx_ConfigDigitalFilter
 *fill*         0x080036f2        0x2 
 .text.HAL_IPCC_Init
                0x080036f4       0x64 ./Drivers/STM32WBxx_HAL_Driver/Src/stm32wbxx_hal_ipcc.o
                0x080036f4                HAL_IPCC_Init
 .text.HAL_IPCC_RxCallback
                0x08003758       0x1a ./Drivers/STM32WBxx_HAL_Driver/Src/stm32wbxx_hal_ipcc.o
                0x08003758                HAL_IPCC_RxCallback
 .text.HAL_IPCC_TxCallback
                0x08003772       0x1a ./Drivers/STM32WBxx_HAL_Driver/Src/stm32wbxx_hal_ipcc.o
                0x08003772                HAL_IPCC_TxCallback
 .text.IPCC_SetDefaultCallbacks
                0x0800378c       0x4c ./Drivers/STM32WBxx_HAL_Driver/Src/stm32wbxx_hal_ipcc.o
                0x0800378c                IPCC_SetDefaultCallbacks
 .text.IPCC_Reset_Register
                0x080037d8       0x28 ./Drivers/STM32WBxx_HAL_Driver/Src/stm32wbxx_hal_ipcc.o
                0x080037d8                IPCC_Reset_Register
 .text.HAL_PWR_EnableBkUpAccess
                0x08003800       0x20 ./Drivers/STM32WBxx_HAL_Driver/Src/stm32wbxx_hal_pwr.o
                0x08003800                HAL_PWR_EnableBkUpAccess
 .text.HAL_PWREx_GetVoltageRange
                0x08003820       0x1c ./Drivers/STM32WBxx_HAL_Driver/Src/stm32wbxx_hal_pwr_ex.o
                0x08003820                HAL_PWREx_GetVoltageRange
 .text.LL_RCC_HSE_IsEnabledDiv2
                0x0800383c       0x24 ./Drivers/STM32WBxx_HAL_Driver/Src/stm32wbxx_hal_rcc.o
 .text.LL_RCC_HSE_Enable
                0x08003860       0x1e ./Drivers/STM32WBxx_HAL_Driver/Src/stm32wbxx_hal_rcc.o
 .text.LL_RCC_HSE_Disable
                0x0800387e       0x1e ./Drivers/STM32WBxx_HAL_Driver/Src/stm32wbxx_hal_rcc.o
 .text.LL_RCC_HSE_IsReady
                0x0800389c       0x24 ./Drivers/STM32WBxx_HAL_Driver/Src/stm32wbxx_hal_rcc.o
 .text.LL_RCC_HSI_Enable
                0x080038c0       0x1e ./Drivers/STM32WBxx_HAL_Driver/Src/stm32wbxx_hal_rcc.o
 .text.LL_RCC_HSI_Disable
                0x080038de       0x1e ./Drivers/STM32WBxx_HAL_Driver/Src/stm32wbxx_hal_rcc.o
 .text.LL_RCC_HSI_IsReady
                0x080038fc       0x24 ./Drivers/STM32WBxx_HAL_Driver/Src/stm32wbxx_hal_rcc.o
 .text.LL_RCC_HSI_SetCalibTrimming
                0x08003920       0x2a ./Drivers/STM32WBxx_HAL_Driver/Src/stm32wbxx_hal_rcc.o
 .text.LL_RCC_HSI48_Enable
                0x0800394a       0x22 ./Drivers/STM32WBxx_HAL_Driver/Src/stm32wbxx_hal_rcc.o
 .text.LL_RCC_HSI48_Disable
                0x0800396c       0x22 ./Drivers/STM32WBxx_HAL_Driver/Src/stm32wbxx_hal_rcc.o
 .text.LL_RCC_HSI48_IsReady
                0x0800398e       0x24 ./Drivers/STM32WBxx_HAL_Driver/Src/stm32wbxx_hal_rcc.o
 .text.LL_RCC_LSE_Enable
                0x080039b2       0x22 ./Drivers/STM32WBxx_HAL_Driver/Src/stm32wbxx_hal_rcc.o
 .text.LL_RCC_LSE_Disable
                0x080039d4       0x22 ./Drivers/STM32WBxx_HAL_Driver/Src/stm32wbxx_hal_rcc.o
 .text.LL_RCC_LSE_EnableBypass
                0x080039f6       0x22 ./Drivers/STM32WBxx_HAL_Driver/Src/stm32wbxx_hal_rcc.o
 .text.LL_RCC_LSE_DisableBypass
                0x08003a18       0x22 ./Drivers/STM32WBxx_HAL_Driver/Src/stm32wbxx_hal_rcc.o
 .text.LL_RCC_LSE_IsReady
                0x08003a3a       0x24 ./Drivers/STM32WBxx_HAL_Driver/Src/stm32wbxx_hal_rcc.o
 .text.LL_RCC_LSI1_Enable
                0x08003a5e       0x22 ./Drivers/STM32WBxx_HAL_Driver/Src/stm32wbxx_hal_rcc.o
 .text.LL_RCC_LSI1_Disable
                0x08003a80       0x22 ./Drivers/STM32WBxx_HAL_Driver/Src/stm32wbxx_hal_rcc.o
 .text.LL_RCC_LSI1_IsReady
                0x08003aa2       0x24 ./Drivers/STM32WBxx_HAL_Driver/Src/stm32wbxx_hal_rcc.o
 .text.LL_RCC_LSI2_Enable
                0x08003ac6       0x22 ./Drivers/STM32WBxx_HAL_Driver/Src/stm32wbxx_hal_rcc.o
 .text.LL_RCC_LSI2_Disable
                0x08003ae8       0x22 ./Drivers/STM32WBxx_HAL_Driver/Src/stm32wbxx_hal_rcc.o
 .text.LL_RCC_LSI2_IsReady
                0x08003b0a       0x24 ./Drivers/STM32WBxx_HAL_Driver/Src/stm32wbxx_hal_rcc.o
 .text.LL_RCC_LSI2_SetTrimming
                0x08003b2e       0x2e ./Drivers/STM32WBxx_HAL_Driver/Src/stm32wbxx_hal_rcc.o
 .text.LL_RCC_MSI_Enable
                0x08003b5c       0x1e ./Drivers/STM32WBxx_HAL_Driver/Src/stm32wbxx_hal_rcc.o
 .text.LL_RCC_MSI_Disable
                0x08003b7a       0x1e ./Drivers/STM32WBxx_HAL_Driver/Src/stm32wbxx_hal_rcc.o
 .text.LL_RCC_MSI_IsReady
                0x08003b98       0x22 ./Drivers/STM32WBxx_HAL_Driver/Src/stm32wbxx_hal_rcc.o
 .text.LL_RCC_MSI_SetRange
                0x08003bba       0x28 ./Drivers/STM32WBxx_HAL_Driver/Src/stm32wbxx_hal_rcc.o
 .text.LL_RCC_MSI_GetRange
                0x08003be2       0x2a ./Drivers/STM32WBxx_HAL_Driver/Src/stm32wbxx_hal_rcc.o
 .text.LL_RCC_MSI_SetCalibTrimming
                0x08003c0c       0x2a ./Drivers/STM32WBxx_HAL_Driver/Src/stm32wbxx_hal_rcc.o
 .text.LL_RCC_SetSysClkSource
                0x08003c36       0x28 ./Drivers/STM32WBxx_HAL_Driver/Src/stm32wbxx_hal_rcc.o
 .text.LL_RCC_GetSysClkSource
                0x08003c5e       0x18 ./Drivers/STM32WBxx_HAL_Driver/Src/stm32wbxx_hal_rcc.o
 .text.LL_RCC_SetAHBPrescaler
                0x08003c76       0x28 ./Drivers/STM32WBxx_HAL_Driver/Src/stm32wbxx_hal_rcc.o
 .text.LL_C2_RCC_SetAHBPrescaler
                0x08003c9e       0x2c ./Drivers/STM32WBxx_HAL_Driver/Src/stm32wbxx_hal_rcc.o
 .text.LL_RCC_SetAHB4Prescaler
                0x08003cca       0x2e ./Drivers/STM32WBxx_HAL_Driver/Src/stm32wbxx_hal_rcc.o
 .text.LL_RCC_SetAPB1Prescaler
                0x08003cf8       0x28 ./Drivers/STM32WBxx_HAL_Driver/Src/stm32wbxx_hal_rcc.o
 .text.LL_RCC_SetAPB2Prescaler
                0x08003d20       0x28 ./Drivers/STM32WBxx_HAL_Driver/Src/stm32wbxx_hal_rcc.o
 .text.LL_RCC_GetAHBPrescaler
                0x08003d48       0x18 ./Drivers/STM32WBxx_HAL_Driver/Src/stm32wbxx_hal_rcc.o
 .text.LL_RCC_GetAHB4Prescaler
                0x08003d60       0x1c ./Drivers/STM32WBxx_HAL_Driver/Src/stm32wbxx_hal_rcc.o
 .text.LL_RCC_PLL_Enable
                0x08003d7c       0x1e ./Drivers/STM32WBxx_HAL_Driver/Src/stm32wbxx_hal_rcc.o
 .text.LL_RCC_PLL_Disable
                0x08003d9a       0x1e ./Drivers/STM32WBxx_HAL_Driver/Src/stm32wbxx_hal_rcc.o
 .text.LL_RCC_PLL_IsReady
                0x08003db8       0x24 ./Drivers/STM32WBxx_HAL_Driver/Src/stm32wbxx_hal_rcc.o
 .text.LL_RCC_PLL_GetN
                0x08003ddc       0x1a ./Drivers/STM32WBxx_HAL_Driver/Src/stm32wbxx_hal_rcc.o
 .text.LL_RCC_PLL_GetR
                0x08003df6       0x18 ./Drivers/STM32WBxx_HAL_Driver/Src/stm32wbxx_hal_rcc.o
 .text.LL_RCC_PLL_GetDivider
                0x08003e0e       0x18 ./Drivers/STM32WBxx_HAL_Driver/Src/stm32wbxx_hal_rcc.o
 .text.LL_RCC_PLL_GetMainSource
                0x08003e26       0x18 ./Drivers/STM32WBxx_HAL_Driver/Src/stm32wbxx_hal_rcc.o
 .text.LL_RCC_IsActiveFlag_HPRE
                0x08003e3e       0x24 ./Drivers/STM32WBxx_HAL_Driver/Src/stm32wbxx_hal_rcc.o
 .text.LL_RCC_IsActiveFlag_C2HPRE
                0x08003e62       0x26 ./Drivers/STM32WBxx_HAL_Driver/Src/stm32wbxx_hal_rcc.o
 .text.LL_RCC_IsActiveFlag_SHDHPRE
                0x08003e88       0x26 ./Drivers/STM32WBxx_HAL_Driver/Src/stm32wbxx_hal_rcc.o
 .text.LL_RCC_IsActiveFlag_PPRE1
                0x08003eae       0x24 ./Drivers/STM32WBxx_HAL_Driver/Src/stm32wbxx_hal_rcc.o
 .text.LL_RCC_IsActiveFlag_PPRE2
                0x08003ed2       0x24 ./Drivers/STM32WBxx_HAL_Driver/Src/stm32wbxx_hal_rcc.o
 *fill*         0x08003ef6        0x2 
 .text.HAL_RCC_OscConfig
                0x08003ef8      0x6e8 ./Drivers/STM32WBxx_HAL_Driver/Src/stm32wbxx_hal_rcc.o
                0x08003ef8                HAL_RCC_OscConfig
 .text.HAL_RCC_ClockConfig
                0x080045e0      0x280 ./Drivers/STM32WBxx_HAL_Driver/Src/stm32wbxx_hal_rcc.o
                0x080045e0                HAL_RCC_ClockConfig
 .text.HAL_RCC_GetSysClockFreq
                0x08004860       0xd8 ./Drivers/STM32WBxx_HAL_Driver/Src/stm32wbxx_hal_rcc.o
                0x08004860                HAL_RCC_GetSysClockFreq
 .text.HAL_RCC_GetHCLKFreq
                0x08004938       0x28 ./Drivers/STM32WBxx_HAL_Driver/Src/stm32wbxx_hal_rcc.o
                0x08004938                HAL_RCC_GetHCLKFreq
 .text.RCC_SetFlashLatencyFromMSIRange
                0x08004960       0x70 ./Drivers/STM32WBxx_HAL_Driver/Src/stm32wbxx_hal_rcc.o
 .text.RCC_SetFlashLatency
                0x080049d0       0xf8 ./Drivers/STM32WBxx_HAL_Driver/Src/stm32wbxx_hal_rcc.o
 .text.LL_RCC_LSE_IsEnabled
                0x08004ac8       0x24 ./Drivers/STM32WBxx_HAL_Driver/Src/stm32wbxx_hal_rcc_ex.o
 .text.LL_RCC_LSE_IsReady
                0x08004aec       0x24 ./Drivers/STM32WBxx_HAL_Driver/Src/stm32wbxx_hal_rcc_ex.o
 .text.LL_RCC_SetRFWKPClockSource
                0x08004b10       0x2c ./Drivers/STM32WBxx_HAL_Driver/Src/stm32wbxx_hal_rcc_ex.o
 .text.LL_RCC_SetSMPSClockSource
                0x08004b3c       0x28 ./Drivers/STM32WBxx_HAL_Driver/Src/stm32wbxx_hal_rcc_ex.o
 .text.LL_RCC_SetSMPSPrescaler
                0x08004b64       0x28 ./Drivers/STM32WBxx_HAL_Driver/Src/stm32wbxx_hal_rcc_ex.o
 .text.LL_RCC_SetUSARTClockSource
                0x08004b8c       0x2c ./Drivers/STM32WBxx_HAL_Driver/Src/stm32wbxx_hal_rcc_ex.o
 .text.LL_RCC_SetLPUARTClockSource
                0x08004bb8       0x2c ./Drivers/STM32WBxx_HAL_Driver/Src/stm32wbxx_hal_rcc_ex.o
 .text.LL_RCC_SetI2CClockSource
                0x08004be4       0x3a ./Drivers/STM32WBxx_HAL_Driver/Src/stm32wbxx_hal_rcc_ex.o
 .text.LL_RCC_SetLPTIMClockSource
                0x08004c1e       0x34 ./Drivers/STM32WBxx_HAL_Driver/Src/stm32wbxx_hal_rcc_ex.o
 .text.LL_RCC_SetSAIClockSource
                0x08004c52       0x2c ./Drivers/STM32WBxx_HAL_Driver/Src/stm32wbxx_hal_rcc_ex.o
 .text.LL_RCC_SetRNGClockSource
                0x08004c7e       0x2c ./Drivers/STM32WBxx_HAL_Driver/Src/stm32wbxx_hal_rcc_ex.o
 .text.LL_RCC_SetCLK48ClockSource
                0x08004caa       0x2c ./Drivers/STM32WBxx_HAL_Driver/Src/stm32wbxx_hal_rcc_ex.o
 .text.LL_RCC_SetUSBClockSource
                0x08004cd6       0x16 ./Drivers/STM32WBxx_HAL_Driver/Src/stm32wbxx_hal_rcc_ex.o
 .text.LL_RCC_SetADCClockSource
                0x08004cec       0x2c ./Drivers/STM32WBxx_HAL_Driver/Src/stm32wbxx_hal_rcc_ex.o
 .text.LL_RCC_SetRTCClockSource
                0x08004d18       0x2c ./Drivers/STM32WBxx_HAL_Driver/Src/stm32wbxx_hal_rcc_ex.o
 .text.LL_RCC_GetRTCClockSource
                0x08004d44       0x1a ./Drivers/STM32WBxx_HAL_Driver/Src/stm32wbxx_hal_rcc_ex.o
 .text.LL_RCC_ForceBackupDomainReset
                0x08004d5e       0x22 ./Drivers/STM32WBxx_HAL_Driver/Src/stm32wbxx_hal_rcc_ex.o
 .text.LL_RCC_ReleaseBackupDomainReset
                0x08004d80       0x22 ./Drivers/STM32WBxx_HAL_Driver/Src/stm32wbxx_hal_rcc_ex.o
 .text.LL_RCC_PLLSAI1_Enable
                0x08004da2       0x1e ./Drivers/STM32WBxx_HAL_Driver/Src/stm32wbxx_hal_rcc_ex.o
 .text.LL_RCC_PLLSAI1_Disable
                0x08004dc0       0x1e ./Drivers/STM32WBxx_HAL_Driver/Src/stm32wbxx_hal_rcc_ex.o
 .text.LL_RCC_PLLSAI1_IsReady
                0x08004dde       0x24 ./Drivers/STM32WBxx_HAL_Driver/Src/stm32wbxx_hal_rcc_ex.o
 .text.HAL_RCCEx_PeriphCLKConfig
                0x08004e02      0x2ec ./Drivers/STM32WBxx_HAL_Driver/Src/stm32wbxx_hal_rcc_ex.o
                0x08004e02                HAL_RCCEx_PeriphCLKConfig
 .text.RCCEx_PLLSAI1_ConfigNP
                0x080050ee       0xb6 ./Drivers/STM32WBxx_HAL_Driver/Src/stm32wbxx_hal_rcc_ex.o
 .text.RCCEx_PLLSAI1_ConfigNQ
                0x080051a4       0xb6 ./Drivers/STM32WBxx_HAL_Driver/Src/stm32wbxx_hal_rcc_ex.o
 .text.RCCEx_PLLSAI1_ConfigNR
                0x0800525a       0xb6 ./Drivers/STM32WBxx_HAL_Driver/Src/stm32wbxx_hal_rcc_ex.o
 .text.HAL_SPI_Init
                0x08005310      0x146 ./Drivers/STM32WBxx_HAL_Driver/Src/stm32wbxx_hal_spi.o
                0x08005310                HAL_SPI_Init
 .text.HAL_SPI_Transmit
                0x08005456      0x2ea ./Drivers/STM32WBxx_HAL_Driver/Src/stm32wbxx_hal_spi.o
                0x08005456                HAL_SPI_Transmit
 .text.HAL_SPI_Receive
                0x08005740      0x26e ./Drivers/STM32WBxx_HAL_Driver/Src/stm32wbxx_hal_spi.o
                0x08005740                HAL_SPI_Receive
 .text.HAL_SPI_TransmitReceive
                0x080059ae      0x444 ./Drivers/STM32WBxx_HAL_Driver/Src/stm32wbxx_hal_spi.o
                0x080059ae                HAL_SPI_TransmitReceive
 .text.HAL_SPI_GetState
                0x08005df2       0x1c ./Drivers/STM32WBxx_HAL_Driver/Src/stm32wbxx_hal_spi.o
                0x08005df2                HAL_SPI_GetState
 *fill*         0x08005e0e        0x2 
 .text.SPI_WaitFlagStateUntilTimeout
                0x08005e10      0x110 ./Drivers/STM32WBxx_HAL_Driver/Src/stm32wbxx_hal_spi.o
 .text.SPI_WaitFifoStateUntilTimeout
                0x08005f20      0x12c ./Drivers/STM32WBxx_HAL_Driver/Src/stm32wbxx_hal_spi.o
 .text.SPI_EndRxTransaction
                0x0800604c       0xb0 ./Drivers/STM32WBxx_HAL_Driver/Src/stm32wbxx_hal_spi.o
 .text.SPI_EndRxTxTransaction
                0x080060fc       0x8c ./Drivers/STM32WBxx_HAL_Driver/Src/stm32wbxx_hal_spi.o
 .text.memset   0x08006188       0x10 C:/ST/STM32CubeIDE_1.16.0/STM32CubeIDE/plugins/com.st.stm32cube.ide.mcu.externaltools.gnu-tools-for-stm32.12.3.rel1.win32_1.0.200.202406191623/tools/bin/../lib/gcc/arm-none-eabi/12.3.1/../../../../arm-none-eabi/lib/thumb/v7e-m+fp/hard\libc_nano.a(libc_a-memset.o)
                0x08006188                memset
 .text.__libc_init_array
                0x08006198       0x48 C:/ST/STM32CubeIDE_1.16.0/STM32CubeIDE/plugins/com.st.stm32cube.ide.mcu.externaltools.gnu-tools-for-stm32.12.3.rel1.win32_1.0.200.202406191623/tools/bin/../lib/gcc/arm-none-eabi/12.3.1/../../../../arm-none-eabi/lib/thumb/v7e-m+fp/hard\libc_nano.a(libc_a-init.o)
                0x08006198                __libc_init_array
 *(.glue_7)
 .glue_7        0x080061e0        0x0 linker stubs
 *(.glue_7t)
 .glue_7t       0x080061e0        0x0 linker stubs
 *(.eh_frame)
 .eh_frame      0x080061e0        0x0 C:/ST/STM32CubeIDE_1.16.0/STM32CubeIDE/plugins/com.st.stm32cube.ide.mcu.externaltools.gnu-tools-for-stm32.12.3.rel1.win32_1.0.200.202406191623/tools/bin/../lib/gcc/arm-none-eabi/12.3.1/thumb/v7e-m+fp/hard/crtbegin.o
 *(.init)
 .init          0x080061e0        0x4 C:/ST/STM32CubeIDE_1.16.0/STM32CubeIDE/plugins/com.st.stm32cube.ide.mcu.externaltools.gnu-tools-for-stm32.12.3.rel1.win32_1.0.200.202406191623/tools/bin/../lib/gcc/arm-none-eabi/12.3.1/thumb/v7e-m+fp/hard/crti.o
                0x080061e0                _init
 .init          0x080061e4        0x8 C:/ST/STM32CubeIDE_1.16.0/STM32CubeIDE/plugins/com.st.stm32cube.ide.mcu.externaltools.gnu-tools-for-stm32.12.3.rel1.win32_1.0.200.202406191623/tools/bin/../lib/gcc/arm-none-eabi/12.3.1/thumb/v7e-m+fp/hard/crtn.o
 *(.fini)
 .fini          0x080061ec        0x4 C:/ST/STM32CubeIDE_1.16.0/STM32CubeIDE/plugins/com.st.stm32cube.ide.mcu.externaltools.gnu-tools-for-stm32.12.3.rel1.win32_1.0.200.202406191623/tools/bin/../lib/gcc/arm-none-eabi/12.3.1/thumb/v7e-m+fp/hard/crti.o
                0x080061ec                _fini
 .fini          0x080061f0        0x8 C:/ST/STM32CubeIDE_1.16.0/STM32CubeIDE/plugins/com.st.stm32cube.ide.mcu.externaltools.gnu-tools-for-stm32.12.3.rel1.win32_1.0.200.202406191623/tools/bin/../lib/gcc/arm-none-eabi/12.3.1/thumb/v7e-m+fp/hard/crtn.o
                0x080061f8                        . = ALIGN (0x4)
                0x080061f8                        _etext = .

.vfp11_veneer   0x080061f8        0x0
 .vfp11_veneer  0x080061f8        0x0 linker stubs

.v4_bx          0x080061f8        0x0
 .v4_bx         0x080061f8        0x0 linker stubs

.iplt           0x080061f8        0x0
 .iplt          0x080061f8        0x0 C:/ST/STM32CubeIDE_1.16.0/STM32CubeIDE/plugins/com.st.stm32cube.ide.mcu.externaltools.gnu-tools-for-stm32.12.3.rel1.win32_1.0.200.202406191623/tools/bin/../lib/gcc/arm-none-eabi/12.3.1/thumb/v7e-m+fp/hard/crtbegin.o

.rodata         0x080061f8       0xac
                0x080061f8                        . = ALIGN (0x4)
 *(.rodata)
 .rodata        0x080061f8       0x2c ./Drivers/STM32WBxx_HAL_Driver/Src/stm32wbxx_hal_rcc.o
 *(.rodata*)
 .rodata.AHBPrescTable
                0x08006224       0x40 ./Core/Src/system_stm32wbxx.o
                0x08006224                AHBPrescTable
 .rodata.MSIRangeTable
                0x08006264       0x40 ./Core/Src/system_stm32wbxx.o
                0x08006264                MSIRangeTable
                0x080062a4                        . = ALIGN (0x4)

.ARM.extab
 *(.ARM.extab* .gnu.linkonce.armextab.*)

.ARM            0x080062a4        0x0
                0x080062a4                        __exidx_start = .
 *(.ARM.exidx*)
                0x080062a4                        __exidx_end = .

.preinit_array  0x080062a4        0x0
                0x080062a4                        PROVIDE (__preinit_array_start = .)
 *(.preinit_array*)
                0x080062a4                        PROVIDE (__preinit_array_end = .)

.init_array     0x080062a4        0x4
                0x080062a4                        PROVIDE (__init_array_start = .)
 *(SORT_BY_NAME(.init_array.*))
 *(.init_array*)
 .init_array    0x080062a4        0x4 C:/ST/STM32CubeIDE_1.16.0/STM32CubeIDE/plugins/com.st.stm32cube.ide.mcu.externaltools.gnu-tools-for-stm32.12.3.rel1.win32_1.0.200.202406191623/tools/bin/../lib/gcc/arm-none-eabi/12.3.1/thumb/v7e-m+fp/hard/crtbegin.o
                0x080062a8                        PROVIDE (__init_array_end = .)

.fini_array     0x080062a8        0x4
                [!provide]                        PROVIDE (__fini_array_start = .)
 *(SORT_BY_NAME(.fini_array.*))
 *(.fini_array*)
 .fini_array    0x080062a8        0x4 C:/ST/STM32CubeIDE_1.16.0/STM32CubeIDE/plugins/com.st.stm32cube.ide.mcu.externaltools.gnu-tools-for-stm32.12.3.rel1.win32_1.0.200.202406191623/tools/bin/../lib/gcc/arm-none-eabi/12.3.1/thumb/v7e-m+fp/hard/crtbegin.o
                [!provide]                        PROVIDE (__fini_array_end = .)
                0x080062ac                        _sidata = LOADADDR (.data)

.rel.dyn        0x080062ac        0x0
 .rel.iplt      0x080062ac        0x0 C:/ST/STM32CubeIDE_1.16.0/STM32CubeIDE/plugins/com.st.stm32cube.ide.mcu.externaltools.gnu-tools-for-stm32.12.3.rel1.win32_1.0.200.202406191623/tools/bin/../lib/gcc/arm-none-eabi/12.3.1/thumb/v7e-m+fp/hard/crtbegin.o

.data           0x20000008      0x120 load address 0x080062ac
                0x20000008                        . = ALIGN (0x4)
                0x20000008                        _sdata = .
 *(.data)
 *(.data*)
 .data.differential_channels
                0x20000008        0x8 ./Core/Src/main.o
                0x20000008                differential_channels
 .data.vref     0x20000010        0x4 ./Core/Src/main.o
                0x20000010                vref
 .data.voltage_table
                0x20000014       0x84 ./Core/Src/main.o
                0x20000014                voltage_table
 .data.temperature_table
                0x20000098       0x84 ./Core/Src/main.o
                0x20000098                temperature_table
 .data.SystemCoreClock
                0x2000011c        0x4 ./Core/Src/system_stm32wbxx.o
                0x2000011c                SystemCoreClock
 .data.uwTickPrio
                0x20000120        0x4 ./Drivers/STM32WBxx_HAL_Driver/Src/stm32wbxx_hal.o
                0x20000120                uwTickPrio
 .data.uwTickFreq
                0x20000124        0x1 ./Drivers/STM32WBxx_HAL_Driver/Src/stm32wbxx_hal.o
                0x20000124                uwTickFreq
 *(.RamFunc)
 *(.RamFunc*)
                0x20000128                        . = ALIGN (0x4)
 *fill*         0x20000125        0x3 
                0x20000128                        _edata = .

.igot.plt       0x20000128        0x0 load address 0x080063cc
 .igot.plt      0x20000128        0x0 C:/ST/STM32CubeIDE_1.16.0/STM32CubeIDE/plugins/com.st.stm32cube.ide.mcu.externaltools.gnu-tools-for-stm32.12.3.rel1.win32_1.0.200.202406191623/tools/bin/../lib/gcc/arm-none-eabi/12.3.1/thumb/v7e-m+fp/hard/crtbegin.o
                0x20000128                        . = ALIGN (0x4)

.bss            0x20000128      0x1bc load address 0x080063cc
                0x20000128                        _sbss = .
                0x20000128                        __bss_start__ = _sbss
 *(.bss)
 .bss           0x20000128       0x1c C:/ST/STM32CubeIDE_1.16.0/STM32CubeIDE/plugins/com.st.stm32cube.ide.mcu.externaltools.gnu-tools-for-stm32.12.3.rel1.win32_1.0.200.202406191623/tools/bin/../lib/gcc/arm-none-eabi/12.3.1/thumb/v7e-m+fp/hard/crtbegin.o
 *(.bss*)
 .bss.ctrlStatus
                0x20000144        0x4 ./Core/Src/CANSPI.o
                0x20000144                ctrlStatus
 .bss.idReg     0x20000148        0x4 ./Core/Src/CANSPI.o
                0x20000148                idReg
 .bss.hadc1     0x2000014c       0x64 ./Core/Src/main.o
                0x2000014c                hadc1
 .bss.hi2c1     0x200001b0       0x54 ./Core/Src/main.o
                0x200001b0                hi2c1
 .bss.hipcc     0x20000204       0x3c ./Core/Src/main.o
                0x20000204                hipcc
 .bss.hspi1     0x20000240       0x64 ./Core/Src/main.o
                0x20000240                hspi1
 .bss.thermistor_values
                0x200002a4        0x8 ./Core/Src/main.o
                0x200002a4                thermistor_values
 .bss.last_address_claim_time
                0x200002ac        0x4 ./Core/Src/main.o
                0x200002ac                last_address_claim_time
 .bss.last_module_broadcast_time
                0x200002b0        0x4 ./Core/Src/main.o
                0x200002b0                last_module_broadcast_time
 .bss.last_general_broadcast_time
                0x200002b4        0x4 ./Core/Src/main.o
                0x200002b4                last_general_broadcast_time
 .bss.rxMessage
                0x200002b8       0x14 ./Core/Src/main.o
                0x200002b8                rxMessage
 .bss.adc_command
                0x200002cc        0x1 ./Core/Src/main.o
                0x200002cc                adc_command
 *fill*         0x200002cd        0x3 
 .bss.adc_code  0x200002d0        0x4 ./Core/Src/main.o
                0x200002d0                adc_code
 .bss.adc_voltage
                0x200002d4        0x4 ./Core/Src/main.o
                0x200002d4                adc_voltage
 .bss.temperature_celsius
                0x200002d8        0x4 ./Core/Src/main.o
                0x200002d8                temperature_celsius
 .bss.thermistor_index.0
                0x200002dc        0x1 ./Core/Src/main.o
 *fill*         0x200002dd        0x3 
 .bss.uwTick    0x200002e0        0x4 ./Drivers/STM32WBxx_HAL_Driver/Src/stm32wbxx_hal.o
                0x200002e0                uwTick
 *(COMMON)
                0x200002e4                        . = ALIGN (0x4)
                0x200002e4                        _ebss = .
                0x200002e4                        __bss_end__ = _ebss

._user_heap_stack
                0x200002e4      0x604 load address 0x080063cc
                0x200002e8                        . = ALIGN (0x8)
 *fill*         0x200002e4        0x4 
                [!provide]                        PROVIDE (end = .)
                0x200002e8                        PROVIDE (_end = .)
                0x200004e8                        . = (. + _Min_Heap_Size)
 *fill*         0x200002e8      0x200 
                0x200008e8                        . = (. + _Min_Stack_Size)
 *fill*         0x200004e8      0x400 
                0x200008e8                        . = ALIGN (0x8)

/DISCARD/
 libc.a(*)
 libm.a(*)
 libgcc.a(*)

.ARM.attributes
                0x00000000       0x30
 *(.ARM.attributes)
 .ARM.attributes
                0x00000000       0x22 C:/ST/STM32CubeIDE_1.16.0/STM32CubeIDE/plugins/com.st.stm32cube.ide.mcu.externaltools.gnu-tools-for-stm32.12.3.rel1.win32_1.0.200.202406191623/tools/bin/../lib/gcc/arm-none-eabi/12.3.1/thumb/v7e-m+fp/hard/crti.o
 .ARM.attributes
                0x00000022       0x34 C:/ST/STM32CubeIDE_1.16.0/STM32CubeIDE/plugins/com.st.stm32cube.ide.mcu.externaltools.gnu-tools-for-stm32.12.3.rel1.win32_1.0.200.202406191623/tools/bin/../lib/gcc/arm-none-eabi/12.3.1/thumb/v7e-m+fp/hard/crtbegin.o
 .ARM.attributes
                0x00000056       0x34 ./Core/Src/CANSPI.o
 .ARM.attributes
                0x0000008a       0x34 ./Core/Src/LTC2497.o
 .ARM.attributes
                0x000000be       0x34 ./Core/Src/MCP2515.o
 .ARM.attributes
                0x000000f2       0x34 ./Core/Src/main.o
 .ARM.attributes
                0x00000126       0x34 ./Core/Src/stm32wbxx_hal_msp.o
 .ARM.attributes
                0x0000015a       0x34 ./Core/Src/stm32wbxx_it.o
 .ARM.attributes
                0x0000018e       0x34 ./Core/Src/system_stm32wbxx.o
 .ARM.attributes
                0x000001c2       0x21 ./Core/Startup/startup_stm32wb55rgvx.o
 .ARM.attributes
                0x000001e3       0x34 ./Drivers/STM32WBxx_HAL_Driver/Src/stm32wbxx_hal.o
 .ARM.attributes
                0x00000217       0x34 ./Drivers/STM32WBxx_HAL_Driver/Src/stm32wbxx_hal_adc.o
 .ARM.attributes
                0x0000024b       0x34 ./Drivers/STM32WBxx_HAL_Driver/Src/stm32wbxx_hal_cortex.o
 .ARM.attributes
                0x0000027f       0x34 ./Drivers/STM32WBxx_HAL_Driver/Src/stm32wbxx_hal_gpio.o
 .ARM.attributes
                0x000002b3       0x34 ./Drivers/STM32WBxx_HAL_Driver/Src/stm32wbxx_hal_i2c.o
 .ARM.attributes
                0x000002e7       0x34 ./Drivers/STM32WBxx_HAL_Driver/Src/stm32wbxx_hal_i2c_ex.o
 .ARM.attributes
                0x0000031b       0x34 ./Drivers/STM32WBxx_HAL_Driver/Src/stm32wbxx_hal_ipcc.o
 .ARM.attributes
                0x0000034f       0x34 ./Drivers/STM32WBxx_HAL_Driver/Src/stm32wbxx_hal_pwr.o
 .ARM.attributes
                0x00000383       0x34 ./Drivers/STM32WBxx_HAL_Driver/Src/stm32wbxx_hal_pwr_ex.o
 .ARM.attributes
                0x000003b7       0x34 ./Drivers/STM32WBxx_HAL_Driver/Src/stm32wbxx_hal_rcc.o
 .ARM.attributes
                0x000003eb       0x34 ./Drivers/STM32WBxx_HAL_Driver/Src/stm32wbxx_hal_rcc_ex.o
 .ARM.attributes
                0x0000041f       0x34 ./Drivers/STM32WBxx_HAL_Driver/Src/stm32wbxx_hal_spi.o
 .ARM.attributes
                0x00000453       0x34 C:/ST/STM32CubeIDE_1.16.0/STM32CubeIDE/plugins/com.st.stm32cube.ide.mcu.externaltools.gnu-tools-for-stm32.12.3.rel1.win32_1.0.200.202406191623/tools/bin/../lib/gcc/arm-none-eabi/12.3.1/../../../../arm-none-eabi/lib/thumb/v7e-m+fp/hard\libc_nano.a(libc_a-memset.o)
 .ARM.attributes
                0x00000487       0x34 C:/ST/STM32CubeIDE_1.16.0/STM32CubeIDE/plugins/com.st.stm32cube.ide.mcu.externaltools.gnu-tools-for-stm32.12.3.rel1.win32_1.0.200.202406191623/tools/bin/../lib/gcc/arm-none-eabi/12.3.1/../../../../arm-none-eabi/lib/thumb/v7e-m+fp/hard\libc_nano.a(libc_a-init.o)
 .ARM.attributes
                0x000004bb       0x22 C:/ST/STM32CubeIDE_1.16.0/STM32CubeIDE/plugins/com.st.stm32cube.ide.mcu.externaltools.gnu-tools-for-stm32.12.3.rel1.win32_1.0.200.202406191623/tools/bin/../lib/gcc/arm-none-eabi/12.3.1/thumb/v7e-m+fp/hard/crtn.o

MAPPING_TABLE
 *(MAPPING_TABLE)

MB_MEM1
 *(MB_MEM1)
                0x080063cc                        _siMB_MEM2 = LOADADDR (.MB_MEM2)

.MB_MEM2        0x20030000        0x0 load address 0x080063cc
                0x20030000                        _sMB_MEM2 = .
 *(MB_MEM2)
                0x20030000                        _eMB_MEM2 = .
OUTPUT(CAN.elf elf32-littlearm)
LOAD linker stubs
LOAD C:/ST/STM32CubeIDE_1.16.0/STM32CubeIDE/plugins/com.st.stm32cube.ide.mcu.externaltools.gnu-tools-for-stm32.12.3.rel1.win32_1.0.200.202406191623/tools/bin/../lib/gcc/arm-none-eabi/12.3.1/../../../../arm-none-eabi/lib/thumb/v7e-m+fp/hard\libc.a
LOAD C:/ST/STM32CubeIDE_1.16.0/STM32CubeIDE/plugins/com.st.stm32cube.ide.mcu.externaltools.gnu-tools-for-stm32.12.3.rel1.win32_1.0.200.202406191623/tools/bin/../lib/gcc/arm-none-eabi/12.3.1/../../../../arm-none-eabi/lib/thumb/v7e-m+fp/hard\libm.a
LOAD C:/ST/STM32CubeIDE_1.16.0/STM32CubeIDE/plugins/com.st.stm32cube.ide.mcu.externaltools.gnu-tools-for-stm32.12.3.rel1.win32_1.0.200.202406191623/tools/bin/../lib/gcc/arm-none-eabi/12.3.1/thumb/v7e-m+fp/hard\libgcc.a

.debug_info     0x00000000    0x138d1
 .debug_info    0x00000000      0xabb ./Core/Src/CANSPI.o
 .debug_info    0x00000abb      0x8d0 ./Core/Src/LTC2497.o
 .debug_info    0x0000138b      0xb95 ./Core/Src/MCP2515.o
 .debug_info    0x00001f20     0x2102 ./Core/Src/main.o
 .debug_info    0x00004022     0x181c ./Core/Src/stm32wbxx_hal_msp.o
 .debug_info    0x0000583e      0x11a ./Core/Src/stm32wbxx_it.o
 .debug_info    0x00005958      0x703 ./Core/Src/system_stm32wbxx.o
 .debug_info    0x0000605b       0x30 ./Core/Startup/startup_stm32wb55rgvx.o
 .debug_info    0x0000608b     0x12ae ./Drivers/STM32WBxx_HAL_Driver/Src/stm32wbxx_hal.o
 .debug_info    0x00007339     0x1ded ./Drivers/STM32WBxx_HAL_Driver/Src/stm32wbxx_hal_adc.o
 .debug_info    0x00009126      0xccd ./Drivers/STM32WBxx_HAL_Driver/Src/stm32wbxx_hal_cortex.o
 .debug_info    0x00009df3      0x6aa ./Drivers/STM32WBxx_HAL_Driver/Src/stm32wbxx_hal_gpio.o
 .debug_info    0x0000a49d     0x21ee ./Drivers/STM32WBxx_HAL_Driver/Src/stm32wbxx_hal_i2c.o
 .debug_info    0x0000c68b      0x8fb ./Drivers/STM32WBxx_HAL_Driver/Src/stm32wbxx_hal_i2c_ex.o
 .debug_info    0x0000cf86      0x7a3 ./Drivers/STM32WBxx_HAL_Driver/Src/stm32wbxx_hal_ipcc.o
 .debug_info    0x0000d729      0x904 ./Drivers/STM32WBxx_HAL_Driver/Src/stm32wbxx_hal_pwr.o
 .debug_info    0x0000e02d     0x105d ./Drivers/STM32WBxx_HAL_Driver/Src/stm32wbxx_hal_pwr_ex.o
 .debug_info    0x0000f08a     0x14d1 ./Drivers/STM32WBxx_HAL_Driver/Src/stm32wbxx_hal_rcc.o
 .debug_info    0x0001055b     0x1c40 ./Drivers/STM32WBxx_HAL_Driver/Src/stm32wbxx_hal_rcc_ex.o
 .debug_info    0x0001219b     0x1736 ./Drivers/STM32WBxx_HAL_Driver/Src/stm32wbxx_hal_spi.o

.debug_abbrev   0x00000000     0x2d7f
 .debug_abbrev  0x00000000      0x1f7 ./Core/Src/CANSPI.o
 .debug_abbrev  0x000001f7      0x1df ./Core/Src/LTC2497.o
 .debug_abbrev  0x000003d6      0x275 ./Core/Src/MCP2515.o
 .debug_abbrev  0x0000064b      0x366 ./Core/Src/main.o
 .debug_abbrev  0x000009b1      0x254 ./Core/Src/stm32wbxx_hal_msp.o
 .debug_abbrev  0x00000c05       0x73 ./Core/Src/stm32wbxx_it.o
 .debug_abbrev  0x00000c78      0x13b ./Core/Src/system_stm32wbxx.o
 .debug_abbrev  0x00000db3       0x24 ./Core/Startup/startup_stm32wb55rgvx.o
 .debug_abbrev  0x00000dd7      0x367 ./Drivers/STM32WBxx_HAL_Driver/Src/stm32wbxx_hal.o
 .debug_abbrev  0x0000113e      0x2cc ./Drivers/STM32WBxx_HAL_Driver/Src/stm32wbxx_hal_adc.o
 .debug_abbrev  0x0000140a      0x319 ./Drivers/STM32WBxx_HAL_Driver/Src/stm32wbxx_hal_cortex.o
 .debug_abbrev  0x00001723      0x1e5 ./Drivers/STM32WBxx_HAL_Driver/Src/stm32wbxx_hal_gpio.o
 .debug_abbrev  0x00001908      0x260 ./Drivers/STM32WBxx_HAL_Driver/Src/stm32wbxx_hal_i2c.o
 .debug_abbrev  0x00001b68      0x1c8 ./Drivers/STM32WBxx_HAL_Driver/Src/stm32wbxx_hal_i2c_ex.o
 .debug_abbrev  0x00001d30      0x252 ./Drivers/STM32WBxx_HAL_Driver/Src/stm32wbxx_hal_ipcc.o
 .debug_abbrev  0x00001f82      0x205 ./Drivers/STM32WBxx_HAL_Driver/Src/stm32wbxx_hal_pwr.o
 .debug_abbrev  0x00002187      0x31c ./Drivers/STM32WBxx_HAL_Driver/Src/stm32wbxx_hal_pwr_ex.o
 .debug_abbrev  0x000024a3      0x31b ./Drivers/STM32WBxx_HAL_Driver/Src/stm32wbxx_hal_rcc.o
 .debug_abbrev  0x000027be      0x35a ./Drivers/STM32WBxx_HAL_Driver/Src/stm32wbxx_hal_rcc_ex.o
 .debug_abbrev  0x00002b18      0x267 ./Drivers/STM32WBxx_HAL_Driver/Src/stm32wbxx_hal_spi.o

.debug_aranges  0x00000000     0x17f8
 .debug_aranges
                0x00000000       0x70 ./Core/Src/CANSPI.o
 .debug_aranges
                0x00000070       0x28 ./Core/Src/LTC2497.o
 .debug_aranges
                0x00000098       0xb0 ./Core/Src/MCP2515.o
 .debug_aranges
                0x00000148       0x90 ./Core/Src/main.o
 .debug_aranges
                0x000001d8       0xa0 ./Core/Src/stm32wbxx_hal_msp.o
 .debug_aranges
                0x00000278       0x60 ./Core/Src/stm32wbxx_it.o
 .debug_aranges
                0x000002d8       0x28 ./Core/Src/system_stm32wbxx.o
 .debug_aranges
                0x00000300       0x30 ./Core/Startup/startup_stm32wb55rgvx.o
 .debug_aranges
                0x00000330      0x280 ./Drivers/STM32WBxx_HAL_Driver/Src/stm32wbxx_hal.o
 .debug_aranges
                0x000005b0      0x218 ./Drivers/STM32WBxx_HAL_Driver/Src/stm32wbxx_hal_adc.o
 .debug_aranges
                0x000007c8      0x118 ./Drivers/STM32WBxx_HAL_Driver/Src/stm32wbxx_hal_cortex.o
 .debug_aranges
                0x000008e0       0x60 ./Drivers/STM32WBxx_HAL_Driver/Src/stm32wbxx_hal_gpio.o
 .debug_aranges
                0x00000940      0x2a0 ./Drivers/STM32WBxx_HAL_Driver/Src/stm32wbxx_hal_i2c.o
 .debug_aranges
                0x00000be0       0x48 ./Drivers/STM32WBxx_HAL_Driver/Src/stm32wbxx_hal_i2c_ex.o
 .debug_aranges
                0x00000c28       0xa0 ./Drivers/STM32WBxx_HAL_Driver/Src/stm32wbxx_hal_ipcc.o
 .debug_aranges
                0x00000cc8       0xd0 ./Drivers/STM32WBxx_HAL_Driver/Src/stm32wbxx_hal_pwr.o
 .debug_aranges
                0x00000d98      0x288 ./Drivers/STM32WBxx_HAL_Driver/Src/stm32wbxx_hal_pwr_ex.o
 .debug_aranges
                0x00001020      0x270 ./Drivers/STM32WBxx_HAL_Driver/Src/stm32wbxx_hal_rcc.o
 .debug_aranges
                0x00001290      0x390 ./Drivers/STM32WBxx_HAL_Driver/Src/stm32wbxx_hal_rcc_ex.o
 .debug_aranges
                0x00001620      0x1d8 ./Drivers/STM32WBxx_HAL_Driver/Src/stm32wbxx_hal_spi.o

.debug_rnglists
                0x00000000     0x1231
 .debug_rnglists
                0x00000000       0x53 ./Core/Src/CANSPI.o
 .debug_rnglists
                0x00000053       0x1a ./Core/Src/LTC2497.o
 .debug_rnglists
                0x0000006d       0x7f ./Core/Src/MCP2515.o
 .debug_rnglists
                0x000000ec       0x6f ./Core/Src/main.o
 .debug_rnglists
                0x0000015b       0x75 ./Core/Src/stm32wbxx_hal_msp.o
 .debug_rnglists
                0x000001d0       0x43 ./Core/Src/stm32wbxx_it.o
 .debug_rnglists
                0x00000213       0x1b ./Core/Src/system_stm32wbxx.o
 .debug_rnglists
                0x0000022e       0x1f ./Core/Startup/startup_stm32wb55rgvx.o
 .debug_rnglists
                0x0000024d      0x1db ./Drivers/STM32WBxx_HAL_Driver/Src/stm32wbxx_hal.o
 .debug_rnglists
                0x00000428      0x19c ./Drivers/STM32WBxx_HAL_Driver/Src/stm32wbxx_hal_adc.o
 .debug_rnglists
                0x000005c4       0xce ./Drivers/STM32WBxx_HAL_Driver/Src/stm32wbxx_hal_cortex.o
 .debug_rnglists
                0x00000692       0x45 ./Drivers/STM32WBxx_HAL_Driver/Src/stm32wbxx_hal_gpio.o
 .debug_rnglists
                0x000006d7      0x228 ./Drivers/STM32WBxx_HAL_Driver/Src/stm32wbxx_hal_i2c.o
 .debug_rnglists
                0x000008ff       0x35 ./Drivers/STM32WBxx_HAL_Driver/Src/stm32wbxx_hal_i2c_ex.o
 .debug_rnglists
                0x00000934       0x78 ./Drivers/STM32WBxx_HAL_Driver/Src/stm32wbxx_hal_ipcc.o
 .debug_rnglists
                0x000009ac       0x99 ./Drivers/STM32WBxx_HAL_Driver/Src/stm32wbxx_hal_pwr.o
 .debug_rnglists
                0x00000a45      0x1e8 ./Drivers/STM32WBxx_HAL_Driver/Src/stm32wbxx_hal_pwr_ex.o
 .debug_rnglists
                0x00000c2d      0x1d6 ./Drivers/STM32WBxx_HAL_Driver/Src/stm32wbxx_hal_rcc.o
 .debug_rnglists
                0x00000e03      0x2b6 ./Drivers/STM32WBxx_HAL_Driver/Src/stm32wbxx_hal_rcc_ex.o
 .debug_rnglists
                0x000010b9      0x178 ./Drivers/STM32WBxx_HAL_Driver/Src/stm32wbxx_hal_spi.o

.debug_macro    0x00000000    0x24020
 .debug_macro   0x00000000      0x378 ./Core/Src/CANSPI.o
 .debug_macro   0x00000378      0xab4 ./Core/Src/CANSPI.o
 .debug_macro   0x00000e2c       0x22 ./Core/Src/CANSPI.o
 .debug_macro   0x00000e4e      0x13c ./Core/Src/CANSPI.o
 .debug_macro   0x00000f8a       0x2e ./Core/Src/CANSPI.o
 .debug_macro   0x00000fb8       0x2e ./Core/Src/CANSPI.o
 .debug_macro   0x00000fe6       0x22 ./Core/Src/CANSPI.o
 .debug_macro   0x00001008       0x8e ./Core/Src/CANSPI.o
 .debug_macro   0x00001096       0x51 ./Core/Src/CANSPI.o
 .debug_macro   0x000010e7      0x103 ./Core/Src/CANSPI.o
 .debug_macro   0x000011ea       0x6a ./Core/Src/CANSPI.o
 .debug_macro   0x00001254      0x1df ./Core/Src/CANSPI.o
 .debug_macro   0x00001433       0x1c ./Core/Src/CANSPI.o
 .debug_macro   0x0000144f       0x22 ./Core/Src/CANSPI.o
 .debug_macro   0x00001471       0xfb ./Core/Src/CANSPI.o
 .debug_macro   0x0000156c     0x1011 ./Core/Src/CANSPI.o
 .debug_macro   0x0000257d      0x11f ./Core/Src/CANSPI.o
 .debug_macro   0x0000269c    0x12adb ./Core/Src/CANSPI.o
 .debug_macro   0x00015177       0x6c ./Core/Src/CANSPI.o
 .debug_macro   0x000151e3     0x34e1 ./Core/Src/CANSPI.o
 .debug_macro   0x000186c4      0x189 ./Core/Src/CANSPI.o
 .debug_macro   0x0001884d       0x5c ./Core/Src/CANSPI.o
 .debug_macro   0x000188a9      0x3f5 ./Core/Src/CANSPI.o
 .debug_macro   0x00018c9e      0x286 ./Core/Src/CANSPI.o
 .debug_macro   0x00018f24      0x30d ./Core/Src/CANSPI.o
 .debug_macro   0x00019231      0x17e ./Core/Src/CANSPI.o
 .debug_macro   0x000193af       0x43 ./Core/Src/CANSPI.o
 .debug_macro   0x000193f2      0xc98 ./Core/Src/CANSPI.o
 .debug_macro   0x0001a08a      0x5b4 ./Core/Src/CANSPI.o
 .debug_macro   0x0001a63e      0x1ca ./Core/Src/CANSPI.o
 .debug_macro   0x0001a808      0x236 ./Core/Src/CANSPI.o
 .debug_macro   0x0001aa3e      0x24a ./Core/Src/CANSPI.o
 .debug_macro   0x0001ac88      0x57b ./Core/Src/CANSPI.o
 .debug_macro   0x0001b203       0x2e ./Core/Src/CANSPI.o
 .debug_macro   0x0001b231      0x100 ./Core/Src/CANSPI.o
 .debug_macro   0x0001b331      0x1ba ./Core/Src/CANSPI.o
 .debug_macro   0x0001b4eb      0x1cd ./Core/Src/CANSPI.o
 .debug_macro   0x0001b6b8      0x22c ./Core/Src/CANSPI.o
 .debug_macro   0x0001b8e4       0x55 ./Core/Src/CANSPI.o
 .debug_macro   0x0001b939       0xa5 ./Core/Src/CANSPI.o
 .debug_macro   0x0001b9de       0x4a ./Core/Src/CANSPI.o
 .debug_macro   0x0001ba28      0x381 ./Core/Src/CANSPI.o
 .debug_macro   0x0001bda9      0x13d ./Core/Src/CANSPI.o
 .debug_macro   0x0001bee6      0x141 ./Core/Src/CANSPI.o
 .debug_macro   0x0001c027      0x4ff ./Core/Src/CANSPI.o
 .debug_macro   0x0001c526      0x874 ./Core/Src/CANSPI.o
 .debug_macro   0x0001cd9a      0x259 ./Core/Src/CANSPI.o
 .debug_macro   0x0001cff3     0x1bb1 ./Core/Src/CANSPI.o
 .debug_macro   0x0001eba4       0xe4 ./Core/Src/CANSPI.o
 .debug_macro   0x0001ec88      0x5e7 ./Core/Src/CANSPI.o
 .debug_macro   0x0001f26f      0x2fe ./Core/Src/CANSPI.o
 .debug_macro   0x0001f56d      0x557 ./Core/Src/CANSPI.o
 .debug_macro   0x0001fac4      0x433 ./Core/Src/CANSPI.o
 .debug_macro   0x0001fef7      0x10c ./Core/Src/CANSPI.o
 .debug_macro   0x00020003       0x61 ./Core/Src/CANSPI.o
 .debug_macro   0x00020064       0x2a ./Core/Src/CANSPI.o
 .debug_macro   0x0002008e       0x43 ./Core/Src/CANSPI.o
 .debug_macro   0x000200d1       0x34 ./Core/Src/CANSPI.o
 .debug_macro   0x00020105       0x16 ./Core/Src/CANSPI.o
 .debug_macro   0x0002011b       0x43 ./Core/Src/CANSPI.o
 .debug_macro   0x0002015e       0x34 ./Core/Src/CANSPI.o
 .debug_macro   0x00020192       0x10 ./Core/Src/CANSPI.o
 .debug_macro   0x000201a2       0x58 ./Core/Src/CANSPI.o
 .debug_macro   0x000201fa       0x8e ./Core/Src/CANSPI.o
 .debug_macro   0x00020288       0x1c ./Core/Src/CANSPI.o
 .debug_macro   0x000202a4      0x177 ./Core/Src/CANSPI.o
 .debug_macro   0x0002041b      0x369 ./Core/Src/CANSPI.o
 .debug_macro   0x00020784       0x10 ./Core/Src/CANSPI.o
 .debug_macro   0x00020794       0x35 ./Core/Src/CANSPI.o
 .debug_macro   0x000207c9       0x20 ./Core/Src/CANSPI.o
 .debug_macro   0x000207e9       0xb2 ./Core/Src/CANSPI.o
 .debug_macro   0x0002089b       0x1c ./Core/Src/CANSPI.o
 .debug_macro   0x000208b7      0x1ba ./Core/Src/CANSPI.o
 .debug_macro   0x00020a71      0x264 ./Core/Src/LTC2497.o
 .debug_macro   0x00020cd5      0x106 ./Core/Src/LTC2497.o
 .debug_macro   0x00020ddb      0x390 ./Core/Src/MCP2515.o
 .debug_macro   0x0002116b       0x22 ./Core/Src/MCP2515.o
 .debug_macro   0x0002118d      0x1b4 ./Core/Src/MCP2515.o
 .debug_macro   0x00021341      0x39a ./Core/Src/main.o
 .debug_macro   0x000216db      0x19b ./Core/Src/main.o
 .debug_macro   0x00021876      0x36b ./Core/Src/stm32wbxx_hal_msp.o
 .debug_macro   0x00021be1      0x375 ./Core/Src/stm32wbxx_it.o
 .debug_macro   0x00021f56      0x255 ./Core/Src/system_stm32wbxx.o
 .debug_macro   0x000221ab      0x279 ./Drivers/STM32WBxx_HAL_Driver/Src/stm32wbxx_hal.o
 .debug_macro   0x00022424      0x272 ./Drivers/STM32WBxx_HAL_Driver/Src/stm32wbxx_hal_adc.o
 .debug_macro   0x00022696      0x255 ./Drivers/STM32WBxx_HAL_Driver/Src/stm32wbxx_hal_cortex.o
 .debug_macro   0x000228eb      0x25c ./Drivers/STM32WBxx_HAL_Driver/Src/stm32wbxx_hal_gpio.o
 .debug_macro   0x00022b47      0x321 ./Drivers/STM32WBxx_HAL_Driver/Src/stm32wbxx_hal_i2c.o
 .debug_macro   0x00022e68      0x255 ./Drivers/STM32WBxx_HAL_Driver/Src/stm32wbxx_hal_i2c_ex.o
 .debug_macro   0x000230bd      0x267 ./Drivers/STM32WBxx_HAL_Driver/Src/stm32wbxx_hal_ipcc.o
 .debug_macro   0x00023324      0x2c7 ./Drivers/STM32WBxx_HAL_Driver/Src/stm32wbxx_hal_pwr.o
 .debug_macro   0x000235eb      0x267 ./Drivers/STM32WBxx_HAL_Driver/Src/stm32wbxx_hal_pwr_ex.o
 .debug_macro   0x00023852      0x2c7 ./Drivers/STM32WBxx_HAL_Driver/Src/stm32wbxx_hal_rcc.o
 .debug_macro   0x00023b19      0x2aa ./Drivers/STM32WBxx_HAL_Driver/Src/stm32wbxx_hal_rcc_ex.o
 .debug_macro   0x00023dc3      0x25d ./Drivers/STM32WBxx_HAL_Driver/Src/stm32wbxx_hal_spi.o

.debug_line     0x00000000    0x160ff
 .debug_line    0x00000000      0xcc4 ./Core/Src/CANSPI.o
 .debug_line    0x00000cc4      0x913 ./Core/Src/LTC2497.o
 .debug_line    0x000015d7      0xc49 ./Core/Src/MCP2515.o
 .debug_line    0x00002220      0xed6 ./Core/Src/main.o
 .debug_line    0x000030f6      0xc34 ./Core/Src/stm32wbxx_hal_msp.o
 .debug_line    0x00003d2a      0xabb ./Core/Src/stm32wbxx_it.o
 .debug_line    0x000047e5      0x90f ./Core/Src/system_stm32wbxx.o
 .debug_line    0x000050f4       0x83 ./Core/Startup/startup_stm32wb55rgvx.o
 .debug_line    0x00005177     0x10ae ./Drivers/STM32WBxx_HAL_Driver/Src/stm32wbxx_hal.o
 .debug_line    0x00006225     0x1e11 ./Drivers/STM32WBxx_HAL_Driver/Src/stm32wbxx_hal_adc.o
 .debug_line    0x00008036      0xdda ./Drivers/STM32WBxx_HAL_Driver/Src/stm32wbxx_hal_cortex.o
 .debug_line    0x00008e10      0xcab ./Drivers/STM32WBxx_HAL_Driver/Src/stm32wbxx_hal_gpio.o
 .debug_line    0x00009abb     0x3b4b ./Drivers/STM32WBxx_HAL_Driver/Src/stm32wbxx_hal_i2c.o
 .debug_line    0x0000d606      0xa78 ./Drivers/STM32WBxx_HAL_Driver/Src/stm32wbxx_hal_i2c_ex.o
 .debug_line    0x0000e07e      0xbee ./Drivers/STM32WBxx_HAL_Driver/Src/stm32wbxx_hal_ipcc.o
 .debug_line    0x0000ec6c      0xaf5 ./Drivers/STM32WBxx_HAL_Driver/Src/stm32wbxx_hal_pwr.o
 .debug_line    0x0000f761     0x11ef ./Drivers/STM32WBxx_HAL_Driver/Src/stm32wbxx_hal_pwr_ex.o
 .debug_line    0x00010950     0x1950 ./Drivers/STM32WBxx_HAL_Driver/Src/stm32wbxx_hal_rcc.o
 .debug_line    0x000122a0     0x1d5b ./Drivers/STM32WBxx_HAL_Driver/Src/stm32wbxx_hal_rcc_ex.o
 .debug_line    0x00013ffb     0x2104 ./Drivers/STM32WBxx_HAL_Driver/Src/stm32wbxx_hal_spi.o

.debug_str      0x00000000    0xe4f1f
 .debug_str     0x00000000    0xdd475 ./Core/Src/CANSPI.o
                              0xde1a8 (size before relaxing)
 .debug_str     0x000dd475      0x60a ./Core/Src/LTC2497.o
                              0xda719 (size before relaxing)
 .debug_str     0x000dda7f      0x3af ./Core/Src/MCP2515.o
                              0xde399 (size before relaxing)
 .debug_str     0x000dde2e     0x1454 ./Core/Src/main.o
                              0xdf3a7 (size before relaxing)
 .debug_str     0x000df282      0x183 ./Core/Src/stm32wbxx_hal_msp.o
                              0xde63e (size before relaxing)
 .debug_str     0x000df405       0xc9 ./Core/Src/stm32wbxx_it.o
                              0xdd5bf (size before relaxing)
 .debug_str     0x000df4ce      0x105 ./Core/Src/system_stm32wbxx.o
                              0xd9fe2 (size before relaxing)
 .debug_str     0x000df5d3       0x85 ./Core/Startup/startup_stm32wb55rgvx.o
 .debug_str     0x000df658      0xe25 ./Drivers/STM32WBxx_HAL_Driver/Src/stm32wbxx_hal.o
                              0xdaec8 (size before relaxing)
 .debug_str     0x000e047d      0xa5a ./Drivers/STM32WBxx_HAL_Driver/Src/stm32wbxx_hal_adc.o
                              0xdae16 (size before relaxing)
 .debug_str     0x000e0ed7      0x35f ./Drivers/STM32WBxx_HAL_Driver/Src/stm32wbxx_hal_cortex.o
                              0xda680 (size before relaxing)
 .debug_str     0x000e1236      0x14c ./Drivers/STM32WBxx_HAL_Driver/Src/stm32wbxx_hal_gpio.o
                              0xd9fbc (size before relaxing)
 .debug_str     0x000e1382      0xd9f ./Drivers/STM32WBxx_HAL_Driver/Src/stm32wbxx_hal_i2c.o
                              0xdb1ff (size before relaxing)
 .debug_str     0x000e2121       0xb8 ./Drivers/STM32WBxx_HAL_Driver/Src/stm32wbxx_hal_i2c_ex.o
                              0xda3f1 (size before relaxing)
 .debug_str     0x000e21d9      0x285 ./Drivers/STM32WBxx_HAL_Driver/Src/stm32wbxx_hal_ipcc.o
                              0xda0f1 (size before relaxing)
 .debug_str     0x000e245e      0x5c6 ./Drivers/STM32WBxx_HAL_Driver/Src/stm32wbxx_hal_pwr.o
                              0xda452 (size before relaxing)
 .debug_str     0x000e2a24      0x816 ./Drivers/STM32WBxx_HAL_Driver/Src/stm32wbxx_hal_pwr_ex.o
                              0xda953 (size before relaxing)
 .debug_str     0x000e323a      0xb3f ./Drivers/STM32WBxx_HAL_Driver/Src/stm32wbxx_hal_rcc.o
                              0xdae40 (size before relaxing)
 .debug_str     0x000e3d79      0xc7b ./Drivers/STM32WBxx_HAL_Driver/Src/stm32wbxx_hal_rcc_ex.o
                              0xdb269 (size before relaxing)
 .debug_str     0x000e49f4      0x52b ./Drivers/STM32WBxx_HAL_Driver/Src/stm32wbxx_hal_spi.o
                              0xda81f (size before relaxing)

.comment        0x00000000       0x43
 .comment       0x00000000       0x43 ./Core/Src/CANSPI.o
                                 0x44 (size before relaxing)
 .comment       0x00000043       0x44 ./Core/Src/LTC2497.o
 .comment       0x00000043       0x44 ./Core/Src/MCP2515.o
 .comment       0x00000043       0x44 ./Core/Src/main.o
 .comment       0x00000043       0x44 ./Core/Src/stm32wbxx_hal_msp.o
 .comment       0x00000043       0x44 ./Core/Src/stm32wbxx_it.o
 .comment       0x00000043       0x44 ./Core/Src/system_stm32wbxx.o
 .comment       0x00000043       0x44 ./Drivers/STM32WBxx_HAL_Driver/Src/stm32wbxx_hal.o
 .comment       0x00000043       0x44 ./Drivers/STM32WBxx_HAL_Driver/Src/stm32wbxx_hal_adc.o
 .comment       0x00000043       0x44 ./Drivers/STM32WBxx_HAL_Driver/Src/stm32wbxx_hal_cortex.o
 .comment       0x00000043       0x44 ./Drivers/STM32WBxx_HAL_Driver/Src/stm32wbxx_hal_gpio.o
 .comment       0x00000043       0x44 ./Drivers/STM32WBxx_HAL_Driver/Src/stm32wbxx_hal_i2c.o
 .comment       0x00000043       0x44 ./Drivers/STM32WBxx_HAL_Driver/Src/stm32wbxx_hal_i2c_ex.o
 .comment       0x00000043       0x44 ./Drivers/STM32WBxx_HAL_Driver/Src/stm32wbxx_hal_ipcc.o
 .comment       0x00000043       0x44 ./Drivers/STM32WBxx_HAL_Driver/Src/stm32wbxx_hal_pwr.o
 .comment       0x00000043       0x44 ./Drivers/STM32WBxx_HAL_Driver/Src/stm32wbxx_hal_pwr_ex.o
 .comment       0x00000043       0x44 ./Drivers/STM32WBxx_HAL_Driver/Src/stm32wbxx_hal_rcc.o
 .comment       0x00000043       0x44 ./Drivers/STM32WBxx_HAL_Driver/Src/stm32wbxx_hal_rcc_ex.o
 .comment       0x00000043       0x44 ./Drivers/STM32WBxx_HAL_Driver/Src/stm32wbxx_hal_spi.o

.debug_frame    0x00000000     0x64d0
 .debug_frame   0x00000000      0x1a0 ./Core/Src/CANSPI.o
 .debug_frame   0x000001a0       0x60 ./Core/Src/LTC2497.o
 .debug_frame   0x00000200      0x2b4 ./Core/Src/MCP2515.o
 .debug_frame   0x000004b4      0x20c ./Core/Src/main.o
 .debug_frame   0x000006c0      0x290 ./Core/Src/stm32wbxx_hal_msp.o
 .debug_frame   0x00000950      0x104 ./Core/Src/stm32wbxx_it.o
 .debug_frame   0x00000a54       0x58 ./Core/Src/system_stm32wbxx.o
 .debug_frame   0x00000aac      0xa34 ./Drivers/STM32WBxx_HAL_Driver/Src/stm32wbxx_hal.o
 .debug_frame   0x000014e0      0x9d8 ./Drivers/STM32WBxx_HAL_Driver/Src/stm32wbxx_hal_adc.o
 .debug_frame   0x00001eb8      0x49c ./Drivers/STM32WBxx_HAL_Driver/Src/stm32wbxx_hal_cortex.o
 .debug_frame   0x00002354      0x174 ./Drivers/STM32WBxx_HAL_Driver/Src/stm32wbxx_hal_gpio.o
 .debug_frame   0x000024c8      0xc38 ./Drivers/STM32WBxx_HAL_Driver/Src/stm32wbxx_hal_i2c.o
 .debug_frame   0x00003100      0x100 ./Drivers/STM32WBxx_HAL_Driver/Src/stm32wbxx_hal_i2c_ex.o
 .debug_frame   0x00003200      0x29c ./Drivers/STM32WBxx_HAL_Driver/Src/stm32wbxx_hal_ipcc.o
 .debug_frame   0x0000349c      0x344 ./Drivers/STM32WBxx_HAL_Driver/Src/stm32wbxx_hal_pwr.o
 .debug_frame   0x000037e0      0xb00 ./Drivers/STM32WBxx_HAL_Driver/Src/stm32wbxx_hal_pwr_ex.o
 .debug_frame   0x000042e0      0xa0c ./Drivers/STM32WBxx_HAL_Driver/Src/stm32wbxx_hal_rcc.o
 .debug_frame   0x00004cec      0xf38 ./Drivers/STM32WBxx_HAL_Driver/Src/stm32wbxx_hal_rcc_ex.o
 .debug_frame   0x00005c24      0x860 ./Drivers/STM32WBxx_HAL_Driver/Src/stm32wbxx_hal_spi.o
 .debug_frame   0x00006484       0x20 C:/ST/STM32CubeIDE_1.16.0/STM32CubeIDE/plugins/com.st.stm32cube.ide.mcu.externaltools.gnu-tools-for-stm32.12.3.rel1.win32_1.0.200.202406191623/tools/bin/../lib/gcc/arm-none-eabi/12.3.1/../../../../arm-none-eabi/lib/thumb/v7e-m+fp/hard\libc_nano.a(libc_a-memset.o)
 .debug_frame   0x000064a4       0x2c C:/ST/STM32CubeIDE_1.16.0/STM32CubeIDE/plugins/com.st.stm32cube.ide.mcu.externaltools.gnu-tools-for-stm32.12.3.rel1.win32_1.0.200.202406191623/tools/bin/../lib/gcc/arm-none-eabi/12.3.1/../../../../arm-none-eabi/lib/thumb/v7e-m+fp/hard\libc_nano.a(libc_a-init.o)

.debug_line_str
                0x00000000       0x69
 .debug_line_str
                0x00000000       0x69 ./Core/Startup/startup_stm32wb55rgvx.o
