../Drivers/STM32WBxx_HAL_Driver/Inc/stm32wbxx_ll_bus.h:539:22:LL_AHB2_GRP1_EnableClock	24	static
../Core/Src/main.c:116:7:VoltageToTemperature	40	static
../Core/Src/main.c:151:9:I2C_DeviceReady	16	static
../Core/Src/main.c:170:5:main	24	static
../Core/Src/main.c:268:6:SystemClock_Config	112	static
../Core/Src/main.c:322:6:PeriphCommonClock_Config	88	static
../Core/Src/main.c:346:13:MX_ADC1_Init	32	static
../Core/Src/main.c:404:13:MX_I2C1_Init	8	static
../Core/Src/main.c:452:13:MX_IPCC_Init	8	static
../Core/Src/main.c:478:13:MX_SPI1_Init	8	static
../Core/Src/main.c:518:13:MX_GPIO_Init	32	static
../Core/Src/main.c:570:6:Send_Address_Claim_Broadcast	32	static
../Core/Src/main.c:594:6:Send_Thermistor_Module_Broadcast	48	static
../Core/Src/main.c:650:6:Send_Thermistor_General_Broadcast	40	static
../Core/Src/main.c:707:6:Error_Handler	4	static,ignoring_inline_asm
